Archive member included because of file (symbol)

C:/Users/Zack/ccs_workspace_v7/MSP-EXP430G2553LP_core/Debug\libMSP-EXP430G2553LP_core.a(wiring.o)
                              ./zn-msp430-slave.o (millis)
C:/Users/Zack/ccs_workspace_v7/MSP-EXP430G2553LP_core/Debug\libMSP-EXP430G2553LP_core.a(wiring_digital.o)
                              ./zn-msp430-slave.o (pinMode)
C:/Users/Zack/ccs_workspace_v7/MSP-EXP430G2553LP_core/Debug\libMSP-EXP430G2553LP_core.a(HardwareSerial.o)
                              ./zn-msp430-slave.o (HardwareSerial::available())
C:/Users/Zack/ccs_workspace_v7/MSP-EXP430G2553LP_core/Debug\libMSP-EXP430G2553LP_core.a(main.o)
                              (main)
C:/Users/Zack/ccs_workspace_v7/MSP-EXP430G2553LP_core/Debug\libMSP-EXP430G2553LP_core.a(Print.o)
                              C:/Users/Zack/ccs_workspace_v7/MSP-EXP430G2553LP_core/Debug\libMSP-EXP430G2553LP_core.a(HardwareSerial.o) (Print::write(unsigned char const*, unsigned int))
C:/Users/Zack/ccs_workspace_v7/MSP-EXP430G2553LP_core/Debug\libMSP-EXP430G2553LP_core.a(WString.o)
                              C:/Users/Zack/ccs_workspace_v7/MSP-EXP430G2553LP_core/Debug\libMSP-EXP430G2553LP_core.a(Print.o) (String::operator[](unsigned int) const)
C:/Users/Zack/ccs_workspace_v7/MSP-EXP430G2553LP_core/Debug\libMSP-EXP430G2553LP_core.a(atof.o)
                              C:/Users/Zack/ccs_workspace_v7/MSP-EXP430G2553LP_core/Debug\libMSP-EXP430G2553LP_core.a(WString.o) (atof)
C:/Users/Zack/ccs_workspace_v7/MSP-EXP430G2553LP_core/Debug\libMSP-EXP430G2553LP_core.a(dtostrf.o)
                              C:/Users/Zack/ccs_workspace_v7/MSP-EXP430G2553LP_core/Debug\libMSP-EXP430G2553LP_core.a(WString.o) (dtostrf)
C:/Users/Zack/ccs_workspace_v7/MSP-EXP430G2553LP_core/Debug\libMSP-EXP430G2553LP_core.a(itoa.o)
                              C:/Users/Zack/ccs_workspace_v7/MSP-EXP430G2553LP_core/Debug\libMSP-EXP430G2553LP_core.a(WString.o) (ltoa)
C:/Users/Zack/ccs_workspace_v7/MSP-EXP430G2553LP_core/Debug\libMSP-EXP430G2553LP_core.a(usci_isr_handler.o)
                              C:/Users/Zack/ccs_workspace_v7/MSP-EXP430G2553LP_core/Debug\libMSP-EXP430G2553LP_core.a(HardwareSerial.o) (usci_isr_install)
C:/Users/Zack/ccs_workspace_v7/MSP-EXP430G2553LP_core/Debug\libMSP-EXP430G2553LP_core.a(new.o)
                              C:/Users/Zack/ccs_workspace_v7/MSP-EXP430G2553LP_core/Debug\libMSP-EXP430G2553LP_core.a(Print.o) (__cxa_pure_virtual)
C:/Users/Zack/ccs_workspace_v7/MSP-EXP430G2553LP_core/Debug\libMSP-EXP430G2553LP_core.a(twi.o)
                              C:/Users/Zack/ccs_workspace_v7/MSP-EXP430G2553LP_core/Debug\libMSP-EXP430G2553LP_core.a(usci_isr_handler.o) (i2c_txrx_isr)
C:/Users/Zack/ccs_workspace_v7/MSP-EXP430G2553LP_core/Debug\libMSP-EXP430G2553LP_core.a(twi_sw.o)
                              C:/Users/Zack/ccs_workspace_v7/MSP-EXP430G2553LP_core/Debug\libMSP-EXP430G2553LP_core.a(twi.o) (i2c_sw_init)
c:/users/zack/downloads/energia-1.6.10e18-windows/energia-1.6.10e18/hardware/tools/msp430/bin/../lib/gcc/msp430/4.6.3/../../../../msp430/lib\libm.a(ef_pow.o)
                              C:/Users/Zack/ccs_workspace_v7/MSP-EXP430G2553LP_core/Debug\libMSP-EXP430G2553LP_core.a(dtostrf.o) (powf)
c:/users/zack/downloads/energia-1.6.10e18-windows/energia-1.6.10e18/hardware/tools/msp430/bin/../lib/gcc/msp430/4.6.3/../../../../msp430/lib\libm.a(sf_scalbn.o)
                              c:/users/zack/downloads/energia-1.6.10e18-windows/energia-1.6.10e18/hardware/tools/msp430/bin/../lib/gcc/msp430/4.6.3/../../../../msp430/lib\libm.a(ef_pow.o) (scalbnf)
c:/users/zack/downloads/energia-1.6.10e18-windows/energia-1.6.10e18/hardware/tools/msp430/bin/../lib/gcc/msp430/4.6.3/../../../../msp430/lib\libm.a(ef_sqrt.o)
                              c:/users/zack/downloads/energia-1.6.10e18-windows/energia-1.6.10e18/hardware/tools/msp430/bin/../lib/gcc/msp430/4.6.3/../../../../msp430/lib\libm.a(ef_pow.o) (__ieee754_sqrtf)
c:/users/zack/downloads/energia-1.6.10e18-windows/energia-1.6.10e18/hardware/tools/msp430/bin/../lib/gcc/msp430/4.6.3\libgcc.a(_mulqi3.o)
                              C:/Users/Zack/ccs_workspace_v7/MSP-EXP430G2553LP_core/Debug\libMSP-EXP430G2553LP_core.a(Print.o) (__mulqi3)
c:/users/zack/downloads/energia-1.6.10e18-windows/energia-1.6.10e18/hardware/tools/msp430/bin/../lib/gcc/msp430/4.6.3\libgcc.a(_udivmod16.o)
                              C:/Users/Zack/ccs_workspace_v7/MSP-EXP430G2553LP_core/Debug\libMSP-EXP430G2553LP_core.a(wiring.o) (__udivhi3)
c:/users/zack/downloads/energia-1.6.10e18-windows/energia-1.6.10e18/hardware/tools/msp430/bin/../lib/gcc/msp430/4.6.3\libgcc.a(_udivmod32.o)
                              C:/Users/Zack/ccs_workspace_v7/MSP-EXP430G2553LP_core/Debug\libMSP-EXP430G2553LP_core.a(wiring.o) (__udivsi3)
c:/users/zack/downloads/energia-1.6.10e18-windows/energia-1.6.10e18/hardware/tools/msp430/bin/../lib/gcc/msp430/4.6.3\libgcc.a(_fixunssfsi.o)
[...]
Memory Configuration

Name             Origin             Length             Attributes
sfr              0x00000000         0x00000010
peripheral_8bit  0x00000010         0x000000f0
peripheral_16bit 0x00000100         0x00000100
ram              0x00000200         0x00000200         xw
infomem          0x00001000         0x00000100
infod            0x00001000         0x00000040
infoc            0x00001040         0x00000040
infob            0x00001080         0x00000040
infoa            0x000010c0         0x00000040
rom              0x0000c000         0x00003fe0         xr
vectors          0x0000ffe0         0x00000020
bsl              0x00000000         0x00000000
ram2             0x00000000         0x00000000         xw
ram_mirror       0x00000000         0x00000000         xw
signature        0x00000000         0x00000000
tinyram          0x00000000         0x00000000         xw
usbram           0x00000000         0x00000000         xw
far_rom          0x00000000         0x00000000
*default*        0x00000000         0xffffffff

Linker script and memory map

LOAD c:/users/zack/downloads/energia-1.6.10e18-windows/energia-1.6.10e18/hardware/tools/msp430/bin/../lib/gcc/msp430/4.6.3/crt0ivtbl16.o
LOAD ./zn-msp430-slave.o
START GROUP
LOAD C:/Users/Zack/ccs_workspace_v7/MSP-EXP430G2553LP_core/Debug\libMSP-EXP430G2553LP_core.a
LOAD c:/users/zack/downloads/energia-1.6.10e18-windows/energia-1.6.10e18/hardware/tools/msp430/bin/../lib/gcc/msp430/4.6.3/../../../../msp430/lib\libm.a
END GROUP
LOAD c:/users/zack/downloads/energia-1.6.10e18-windows/energia-1.6.10e18/hardware/tools/msp430/bin/../lib/gcc/msp430/4.6.3\libgcc.a
LOAD c:/users/zack/downloads/energia-1.6.10e18-windows/energia-1.6.10e18/hardware/tools/msp430/bin/../lib/gcc/msp430/4.6.3/../../../../msp430/lib\libc.a
LOAD c:/users/zack/downloads/energia-1.6.10e18-windows/energia-1.6.10e18/hardware/tools/msp430/bin/../lib/gcc/msp430/4.6.3\libgcc.a
LOAD c:/users/zack/downloads/energia-1.6.10e18-windows/energia-1.6.10e18/hardware/tools/msp430/bin/../lib/gcc/msp430/4.6.3\libcrt0.a
                0x00000040                PROVIDE (__info_segment_size, 0x40)
                0x00001000                PROVIDE (__infod, 0x1000)
                0x00001040                PROVIDE (__infoc, 0x1040)
                0x00001080                PROVIDE (__infob, 0x1080)
                0x000010c0                PROVIDE (__infoa, 0x10c0)
                0x00000000                __IE1 = 0x0
                0x00000002                __IFG1 = 0x2
                0x00000001                __IE2 = 0x1
                0x00000003                __IFG2 = 0x3
                0x00000048                __ADC10DTC0 = 0x48
                0x00000049                __ADC10DTC1 = 0x49
                0x0000004a                __ADC10AE0 = 0x4a
                0x000001b0                __ADC10CTL0 = 0x1b0
                0x000001b2                __ADC10CTL1 = 0x1b2
                0x000001b4                __ADC10MEM = 0x1b4
                0x000001bc                __ADC10SA = 0x1bc
                0x00000056                __DCOCTL = 0x56
                0x00000057                __BCSCTL1 = 0x57
                0x00000058                __BCSCTL2 = 0x58
                0x00000053                __BCSCTL3 = 0x53
                0x00000059                __CACTL1 = 0x59
                0x0000005a                __CACTL2 = 0x5a
                0x0000005b                __CAPD = 0x5b
                0x00000128                __FCTL1 = 0x128
                0x0000012a                __FCTL2 = 0x12a
                0x0000012c                __FCTL3 = 0x12c
                0x00000020                __P1IN = 0x20
                0x00000021                __P1OUT = 0x21
                0x00000022                __P1DIR = 0x22
                0x00000023                __P1IFG = 0x23
                0x00000024                __P1IES = 0x24
                0x00000025                __P1IE = 0x25
                0x00000026                __P1SEL = 0x26
                0x00000041                __P1SEL2 = 0x41
                0x00000027                __P1REN = 0x27
                0x00000028                __P2IN = 0x28
                0x00000029                __P2OUT = 0x29
                0x0000002a                __P2DIR = 0x2a
                0x0000002b                __P2IFG = 0x2b
                0x0000002c                __P2IES = 0x2c
                0x0000002d                __P2IE = 0x2d
                0x0000002e                __P2SEL = 0x2e
                0x00000042                __P2SEL2 = 0x42
                0x0000002f                __P2REN = 0x2f
                0x00000018                __P3IN = 0x18
                0x00000019                __P3OUT = 0x19
                0x0000001a                __P3DIR = 0x1a
                0x0000001b                __P3SEL = 0x1b
                0x00000043                __P3SEL2 = 0x43
                0x00000010                __P3REN = 0x10
                0x0000012e                __TA0IV = 0x12e
                0x00000160                __TA0CTL = 0x160
                0x00000162                __TA0CCTL0 = 0x162
                0x00000164                __TA0CCTL1 = 0x164
                0x00000166                __TA0CCTL2 = 0x166
                0x00000170                __TA0R = 0x170
                0x00000172                __TA0CCR0 = 0x172
                0x00000174                __TA0CCR1 = 0x174
                0x00000176                __TA0CCR2 = 0x176
                0x0000011e                __TA1IV = 0x11e
                0x00000180                __TA1CTL = 0x180
                0x00000182                __TA1CCTL0 = 0x182
                0x00000184                __TA1CCTL1 = 0x184
                0x00000186                __TA1CCTL2 = 0x186
                0x00000190                __TA1R = 0x190
                0x00000192                __TA1CCR0 = 0x192
                0x00000194                __TA1CCR1 = 0x194
                0x00000196                __TA1CCR2 = 0x196
                0x00000060                __UCA0CTL0 = 0x60
                0x00000061                __UCA0CTL1 = 0x61
                0x00000062                __UCA0BR0 = 0x62
                0x00000063                __UCA0BR1 = 0x63
                0x00000064                __UCA0MCTL = 0x64
                0x00000065                __UCA0STAT = 0x65
                0x00000066                __UCA0RXBUF = 0x66
                0x00000067                __UCA0TXBUF = 0x67
                0x0000005d                __UCA0ABCTL = 0x5d
                0x0000005e                __UCA0IRTCTL = 0x5e
                0x0000005f                __UCA0IRRCTL = 0x5f
                0x00000068                __UCB0CTL0 = 0x68
                0x00000069                __UCB0CTL1 = 0x69
                0x0000006a                __UCB0BR0 = 0x6a
                0x0000006b                __UCB0BR1 = 0x6b
                0x0000006c                __UCB0I2CIE = 0x6c
                0x0000006d                __UCB0STAT = 0x6d
                0x0000006e                __UCB0RXBUF = 0x6e
                0x0000006f                __UCB0TXBUF = 0x6f
                0x00000118                __UCB0I2COA = 0x118
                0x0000011a                __UCB0I2CSA = 0x11a
                0x00000120                __WDTCTL = 0x120
                0x000010f8                __CALDCO_16MHZ = 0x10f8
                0x000010f9                __CALBC1_16MHZ = 0x10f9
                0x000010fa                __CALDCO_12MHZ = 0x10fa
                0x000010fb                __CALBC1_12MHZ = 0x10fb
                0x000010fc                __CALDCO_8MHZ = 0x10fc
                0x000010fd                __CALBC1_8MHZ = 0x10fd
                0x000010fe                __CALDCO_1MHZ = 0x10fe
                0x000010ff                __CALBC1_1MHZ = 0x10ff
                0x000010c0                __TLV_CHECKSUM = 0x10c0
                0x000010f6                __TLV_DCO_30_TAG = 0x10f6
                0x000010f7                __TLV_DCO_30_LEN = 0x10f7
                0x000010da                __TLV_ADC10_1_TAG = 0x10da
                0x000010db                __TLV_ADC10_1_LEN = 0x10db

.hash
 *(.hash)

.dynsym
 *(.dynsym)

.dynstr
 *(.dynstr)

.gnu.version
 *(.gnu.version)

.gnu.version_d
 *(.gnu.version_d)

.gnu.version_r
 *(.gnu.version_r)

.rel.init
 *(.rel.init)

.rela.init
 *(.rela.init)

.rel.fini
 *(.rel.fini)

.rela.fini
 *(.rela.fini)

.rel.text
 *(.rel.text .rel.text.* .rel.gnu.linkonce.t.*)

.rela.text
 *(.rela.text .rela.text.* .rela.gnu.linkonce.t.*)

.rel.rodata
 *(.rel.rodata .rel.rodata.* .rel.gnu.linkonce.r.*)

.rela.rodata
 *(.rela.rodata .rela.rodata.* .rela.gnu.linkonce.r.*)

.rel.data
 *(.rel.data .rel.data.* .rel.gnu.linkonce.d.*)

.rela.data
 *(.rela.data .rela.data.* .rela.gnu.linkonce.d.*)

.rel.bss
 *(.rel.bss .rel.bss.* .rel.gnu.linkonce.b.*)

.rela.bss
 *(.rela.bss .rela.bss.* .rela.gnu.linkonce.b.*)

.rel.ctors
 *(.rel.ctors)

.rela.ctors
 *(.rela.ctors)

.rel.dtors
 *(.rel.dtors)

.rela.dtors
 *(.rela.dtors)

.rel.got
 *(.rel.got)

.rela.got
 *(.rela.got)

.rel.plt
 *(.rel.plt)

.rela.plt
 *(.rela.plt)

.text           0x0000c000      0xe42
                0x0000c000                . = ALIGN (0x2)
 *(.init .init.*)
 *(.init0)
 .init0         0x0000c000        0x0 c:/users/zack/downloads/energia-1.6.10e18-windows/energia-1.6.10e18/hardware/tools/msp430/bin/../lib/gcc/msp430/4.6.3\libcrt0.a(_reset_vector__.o)
                0x0000c000                _reset_vector__
 *(.init1)
 .init1         0x0000c000        0xc c:/users/zack/downloads/energia-1.6.10e18-windows/energia-1.6.10e18/hardware/tools/msp430/bin/../lib/gcc/msp430/4.6.3\libcrt0.a(__watchdog_support.o)
                0x0000c000                __watchdog_support
 *(.init2)
 .init2         0x0000c00c        0x4 c:/users/zack/downloads/energia-1.6.10e18-windows/energia-1.6.10e18/hardware/tools/msp430/bin/../lib/gcc/msp430/4.6.3\libcrt0.a(__init_stack.o)
                0x0000c00c                __init_stack
 *(.init3)
 .init3         0x0000c010        0x0 c:/users/zack/downloads/energia-1.6.10e18-windows/energia-1.6.10e18/hardware/tools/msp430/bin/../lib/gcc/msp430/4.6.3\libcrt0.a(__low_level_init.o)
                0x0000c010                __low_level_init
 *(.init4)
 .init4         0x0000c010       0x18 c:/users/zack/downloads/energia-1.6.10e18-windows/energia-1.6.10e18/hardware/tools/msp430/bin/../lib/gcc/msp430/4.6.3\libcrt0.a(_copy_data.o)
                0x0000c010                __do_copy_data
 .init4         0x0000c028       0x16 c:/users/zack/downloads/energia-1.6.10e18-windows/energia-1.6.10e18/hardware/tools/msp430/bin/../lib/gcc/msp430/4.6.3\libcrt0.a(_clear_bss.o)
                0x0000c028                __do_clear_bss
 *(.init5)
 *(.init6)
 .init6         0x0000c03e       0x14 c:/users/zack/downloads/energia-1.6.10e18-windows/energia-1.6.10e18/hardware/tools/msp430/bin/../lib/gcc/msp430/4.6.3\libcrt0.a(_ctors430.o)
                0x0000c03e                __do_global_ctors
 *(.init7)
 *(.init8)
 *(.init9)
 .init9         0x0000c052       0x24 C:/Users/Zack/ccs_workspace_v7/MSP-EXP430G2553LP_core/Debug\libMSP-EXP430G2553LP_core.a(main.o)
                0x0000c052                main
 *(.fini9)
 .fini9         0x0000c076        0x0 c:/users/zack/downloads/energia-1.6.10e18-windows/energia-1.6.10e18/hardware/tools/msp430/bin/../lib/gcc/msp430/4.6.3\libcrt0.a(__stop_progExec__.o)
                0x0000c076                __stop_progExec__
 *(.fini8)
 *(.fini7)
 *(.fini6)
 *(.fini5)
 *(.fini4)
 *(.fini3)
 *(.fini2)
 *(.fini1)
 *(.fini0)
 .fini0         0x0000c076        0x6 c:/users/zack/downloads/energia-1.6.10e18-windows/energia-1.6.10e18/hardware/tools/msp430/bin/../lib/gcc/msp430/4.6.3\libcrt0.a(_endless_loop__.o)
                0x0000c076                _endless_loop__
 *(.fini .fini.*)
                0x0000c07c                . = ALIGN (0x2)
                0x0000c07c                __ctors_start = .
 *(.ctors)
 .ctors         0x0000c07c        0x2 C:/Users/Zack/ccs_workspace_v7/MSP-EXP430G2553LP_core/Debug\libMSP-EXP430G2553LP_core.a(HardwareSerial.o)
                0x0000c07e                __ctors_end = .
                0x0000c07e                __dtors_start = .
 *(.dtors)
                0x0000c07e                __dtors_end = .
                0x0000c07e                . = ALIGN (0x2)
 *(.text .text.* .gnu.linkonce.t.*)
 .text          0x0000c07e        0x4 c:/users/zack/downloads/energia-1.6.10e18-windows/energia-1.6.10e18/hardware/tools/msp430/bin/../lib/gcc/msp430/4.6.3/crt0ivtbl16.o
                0x0000c07e                __isr_14
                0x0000c07e                __isr_4
                0x0000c07e                __isr_11
                0x0000c07e                __isr_5
                0x0000c07e                __isr_2
                0x0000c07e                __isr_0
                0x0000c07e                __isr_8
                0x0000c07e                __isr_3
                0x0000c07e                __isr_12
                0x0000c07e                __isr_13
                0x0000c07e                __isr_9
                0x0000c07e                __isr_1
 .text._Z13getSerialBytev
                0x0000c082       0x22 ./zn-msp430-slave.o
                0x0000c082                getSerialByte()
 .text._Z10resetStatev
                0x0000c0a4       0x22 ./zn-msp430-slave.o
                0x0000c0a4                resetState()
 .text._Z8flashLEDi
                0x0000c0c6       0x3c ./zn-msp430-slave.o
                0x0000c0c6                flashLED(int)
 .text.setup    0x0000c102       0x64 ./zn-msp430-slave.o
                0x0000c102                setup
 .text.loop     0x0000c166      0x316 ./zn-msp430-slave.o
                0x0000c166                loop
 .text.enableXtal
                0x0000c47c       0x62 C:/Users/Zack/ccs_workspace_v7/MSP-EXP430G2553LP_core/Debug\libMSP-EXP430G2553LP_core.a(wiring.o)
                0x0000c47c                enableXtal
 .text.initClocks
                0x0000c4de       0x1c C:/Users/Zack/ccs_workspace_v7/MSP-EXP430G2553LP_core/Debug\libMSP-EXP430G2553LP_core.a(wiring.o)
                0x0000c4de                initClocks
 .text.init     0x0000c4fa       0x18 C:/Users/Zack/ccs_workspace_v7/MSP-EXP430G2553LP_core/Debug\libMSP-EXP430G2553LP_core.a(wiring.o)
                0x0000c4fa                init
 .text.millis   0x0000c512       0x12 C:/Users/Zack/ccs_workspace_v7/MSP-EXP430G2553LP_core/Debug\libMSP-EXP430G2553LP_core.a(wiring.o)
                0x0000c512                millis
 .text.delay    0x0000c524       0x7e C:/Users/Zack/ccs_workspace_v7/MSP-EXP430G2553LP_core/Debug\libMSP-EXP430G2553LP_core.a(wiring.o)
                0x0000c524                delay
 .text.watchdog_isr
                0x0000c5a2       0x82 C:/Users/Zack/ccs_workspace_v7/MSP-EXP430G2553LP_core/Debug\libMSP-EXP430G2553LP_core.a(wiring.o)
                0x0000c5a2                __isr_10
                0x0000c5a2                watchdog_isr
 .text.pinMode  0x0000c624       0x7a C:/Users/Zack/ccs_workspace_v7/MSP-EXP430G2553LP_core/Debug\libMSP-EXP430G2553LP_core.a(wiring_digital.o)
                0x0000c624                pinMode
 .text.pinMode_int
                0x0000c69e       0xa0 C:/Users/Zack/ccs_workspace_v7/MSP-EXP430G2553LP_core/Debug\libMSP-EXP430G2553LP_core.a(wiring_digital.o)
                0x0000c69e                pinMode_int
 .text.digitalRead
                0x0000c73e       0x42 C:/Users/Zack/ccs_workspace_v7/MSP-EXP430G2553LP_core/Debug\libMSP-EXP430G2553LP_core.a(wiring_digital.o)
                0x0000c73e                digitalRead
 .text.digitalWrite
                0x0000c780       0x4a C:/Users/Zack/ccs_workspace_v7/MSP-EXP430G2553LP_core/Debug\libMSP-EXP430G2553LP_core.a(wiring_digital.o)
                0x0000c780                digitalWrite
 .text._ZN14HardwareSerial9availableEv
                0x0000c7ca       0x12 C:/Users/Zack/ccs_workspace_v7/MSP-EXP430G2553LP_core/Debug\libMSP-EXP430G2553LP_core.a(HardwareSerial.o)
                0x0000c7ca                HardwareSerial::available()
 .text._ZN14HardwareSerial4peekEv
                0x0000c7dc       0x1e C:/Users/Zack/ccs_workspace_v7/MSP-EXP430G2553LP_core/Debug\libMSP-EXP430G2553LP_core.a(HardwareSerial.o)
                0x0000c7dc                HardwareSerial::peek()
 .text._ZN14HardwareSerial4readEv
                0x0000c7fa       0x2c C:/Users/Zack/ccs_workspace_v7/MSP-EXP430G2553LP_core/Debug\libMSP-EXP430G2553LP_core.a(HardwareSerial.o)
                0x0000c7fa                HardwareSerial::read()
 .text._ZN14HardwareSerial5flushEv
                0x0000c826       0x12 C:/Users/Zack/ccs_workspace_v7/MSP-EXP430G2553LP_core/Debug\libMSP-EXP430G2553LP_core.a(HardwareSerial.o)
                0x0000c826                HardwareSerial::flush()
 .text._ZN14HardwareSerial5writeEh
                0x0000c838       0x3c C:/Users/Zack/ccs_workspace_v7/MSP-EXP430G2553LP_core/Debug\libMSP-EXP430G2553LP_core.a(HardwareSerial.o)
                0x0000c838                HardwareSerial::write(unsigned char)
 .text._Z11serialEventv
                0x0000c874        0x2 C:/Users/Zack/ccs_workspace_v7/MSP-EXP430G2553LP_core/Debug\libMSP-EXP430G2553LP_core.a(HardwareSerial.o)
                0x0000c874                serialEvent()
 .text._Z14serialEventRunv
                0x0000c876       0x1a C:/Users/Zack/ccs_workspace_v7/MSP-EXP430G2553LP_core/Debug\libMSP-EXP430G2553LP_core.a(HardwareSerial.o)
                0x0000c876                serialEventRun()
 .text._ZN14HardwareSerial5beginEm
                0x0000c890      0x136 C:/Users/Zack/ccs_workspace_v7/MSP-EXP430G2553LP_core/Debug\libMSP-EXP430G2553LP_core.a(HardwareSerial.o)
                0x0000c890                HardwareSerial::begin(unsigned long)
 .text.uart_rx_isr
                0x0000c9c6       0x28 C:/Users/Zack/ccs_workspace_v7/MSP-EXP430G2553LP_core/Debug\libMSP-EXP430G2553LP_core.a(HardwareSerial.o)
                0x0000c9c6                uart_rx_isr
 .text.uart_tx_isr
                0x0000c9ee       0x3c C:/Users/Zack/ccs_workspace_v7/MSP-EXP430G2553LP_core/Debug\libMSP-EXP430G2553LP_core.a(HardwareSerial.o)
                0x0000c9ee                uart_tx_isr
 .text.startup._GLOBAL__sub_I_rx_buffer
                0x0000ca2a       0x44 C:/Users/Zack/ccs_workspace_v7/MSP-EXP430G2553LP_core/Debug\libMSP-EXP430G2553LP_core.a(HardwareSerial.o)
 .text._ZN5Print5writeEPKhj
                0x0000ca6e       0x2e C:/Users/Zack/ccs_workspace_v7/MSP-EXP430G2553LP_core/Debug\libMSP-EXP430G2553LP_core.a(Print.o)
                0x0000ca6e                Print::write(unsigned char const*, unsigned int)
 .text.usci_isr_install
                0x0000ca9c        0x2 C:/Users/Zack/ccs_workspace_v7/MSP-EXP430G2553LP_core/Debug\libMSP-EXP430G2553LP_core.a(usci_isr_handler.o)
                0x0000ca9c                usci_isr_install
 .text.USCIAB0TX_ISR
                0x0000ca9e       0x66 C:/Users/Zack/ccs_workspace_v7/MSP-EXP430G2553LP_core/Debug\libMSP-EXP430G2553LP_core.a(usci_isr_handler.o)
                0x0000ca9e                USCIAB0TX_ISR
                0x0000ca9e                __isr_6
 .text.USCIAB0RX_ISR
                0x0000cb04       0x58 C:/Users/Zack/ccs_workspace_v7/MSP-EXP430G2553LP_core/Debug\libMSP-EXP430G2553LP_core.a(usci_isr_handler.o)
                0x0000cb04                USCIAB0RX_ISR
                0x0000cb04                __isr_7
 .text.i2c_txrx_isr
                0x0000cb5c      0x156 C:/Users/Zack/ccs_workspace_v7/MSP-EXP430G2553LP_core/Debug\libMSP-EXP430G2553LP_core.a(twi.o)
                0x0000cb5c                i2c_txrx_isr
 .text.i2c_state_isr
                0x0000ccb2       0xe4 C:/Users/Zack/ccs_workspace_v7/MSP-EXP430G2553LP_core/Debug\libMSP-EXP430G2553LP_core.a(twi.o)
                0x0000ccb2                i2c_state_isr
 .text.libgcc   0x0000cd96       0x40 c:/users/zack/downloads/energia-1.6.10e18-windows/energia-1.6.10e18/hardware/tools/msp430/bin/../lib/gcc/msp430/4.6.3\libgcc.a(_udivmod32.o)
                0x0000cd96                __ext_udivmod32
                0x0000cd96                __udivsi3
                0x0000cdcc                __umodsi3
 .text          0x0000cdd6       0x6a c:/users/zack/downloads/energia-1.6.10e18-windows/energia-1.6.10e18/hardware/tools/msp430/bin/../lib/gcc/msp430/4.6.3/../../../../msp430/lib\libc.a(memset.o)
                0x0000cdd6                memset
 .text.crt0     0x0000ce40        0x2 c:/users/zack/downloads/energia-1.6.10e18-windows/energia-1.6.10e18/hardware/tools/msp430/bin/../lib/gcc/msp430/4.6.3\libcrt0.a(_unexpected_.o)
                0x0000ce40                _unexpected_
                0x0000ce42                . = ALIGN (0x2)

.rodata         0x0000ce42       0x82
                0x0000ce42                . = ALIGN (0x2)
 *(.rodata .rodata.* .gnu.linkonce.r.*)
 .rodata.setup  0x0000ce42        0x8 ./zn-msp430-slave.o
 .rodata.loop   0x0000ce4a       0x10 ./zn-msp430-slave.o
 .rodata.digital_pin_to_bit_mask
                0x0000ce5a       0x15 C:/Users/Zack/ccs_workspace_v7/MSP-EXP430G2553LP_core/Debug\libMSP-EXP430G2553LP_core.a(wiring_digital.o)
                0x0000ce5a                digital_pin_to_bit_mask
 .rodata.digital_pin_to_port
                0x0000ce6f       0x15 C:/Users/Zack/ccs_workspace_v7/MSP-EXP430G2553LP_core/Debug\libMSP-EXP430G2553LP_core.a(wiring_digital.o)
                0x0000ce6f                digital_pin_to_port
 .rodata.port_to_sel2
                0x0000ce84        0x8 C:/Users/Zack/ccs_workspace_v7/MSP-EXP430G2553LP_core/Debug\libMSP-EXP430G2553LP_core.a(wiring_digital.o)
                0x0000ce84                port_to_sel2
 .rodata.port_to_sel0
                0x0000ce8c        0x8 C:/Users/Zack/ccs_workspace_v7/MSP-EXP430G2553LP_core/Debug\libMSP-EXP430G2553LP_core.a(wiring_digital.o)
                0x0000ce8c                port_to_sel0
 .rodata.port_to_ren
                0x0000ce94        0x8 C:/Users/Zack/ccs_workspace_v7/MSP-EXP430G2553LP_core/Debug\libMSP-EXP430G2553LP_core.a(wiring_digital.o)
                0x0000ce94                port_to_ren
 .rodata.port_to_dir
                0x0000ce9c        0x8 C:/Users/Zack/ccs_workspace_v7/MSP-EXP430G2553LP_core/Debug\libMSP-EXP430G2553LP_core.a(wiring_digital.o)
                0x0000ce9c                port_to_dir
 .rodata.port_to_output
                0x0000cea4        0x8 C:/Users/Zack/ccs_workspace_v7/MSP-EXP430G2553LP_core/Debug\libMSP-EXP430G2553LP_core.a(wiring_digital.o)
                0x0000cea4                port_to_output
 .rodata.port_to_input
                0x0000ceac        0x8 C:/Users/Zack/ccs_workspace_v7/MSP-EXP430G2553LP_core/Debug\libMSP-EXP430G2553LP_core.a(wiring_digital.o)
                0x0000ceac                port_to_input
 .rodata._ZTV14HardwareSerial
                0x0000ceb4       0x10 C:/Users/Zack/ccs_workspace_v7/MSP-EXP430G2553LP_core/Debug\libMSP-EXP430G2553LP_core.a(HardwareSerial.o)
                0x0000ceb4                vtable for HardwareSerial
                0x0000cec4                . = ALIGN (0x2)
                0x0000cec4                _etext = .

.data           0x00000200        0x2 load address 0x0000cec4
                0x00000200                . = ALIGN (0x2)
                0x00000200                PROVIDE (__data_start, .)
 *(.data .data.* .gnu.linkonce.d.*)
 .data.I2C_baseAddress
                0x00000200        0x2 C:/Users/Zack/ccs_workspace_v7/MSP-EXP430G2553LP_core/Debug\libMSP-EXP430G2553LP_core.a(twi.o)
                0x00000200                I2C_baseAddress
                0x00000202                . = ALIGN (0x2)
                0x00000202                _edata = .
                0x0000cec4                PROVIDE (__data_load_start, LOADADDR (.data))
                0x00000002                PROVIDE (__data_size, SIZEOF (.data))

.bss            0x00000202       0xc6 load address 0x0000cec6
                0x00000202                PROVIDE (__bss_start, .)
 *(.bss .bss.*)
 .bss.readSuccess
                0x00000202        0x1 ./zn-msp430-slave.o
                0x00000202                readSuccess
 *fill*         0x00000203        0x1 00
 .bss.timeoutErrors
                0x00000204        0x2 ./zn-msp430-slave.o
                0x00000204                timeoutErrors
 .bss.checksumErrors
                0x00000206        0x2 ./zn-msp430-slave.o
                0x00000206                checksumErrors
 .bss.ignorePacket
                0x00000208        0x1 ./zn-msp430-slave.o
                0x00000208                ignorePacket
 *fill*         0x00000209        0x1 00
 .bss.lastMillis
                0x0000020a        0x4 ./zn-msp430-slave.o
                0x0000020a                lastMillis
 .bss.dataIndex
                0x0000020e        0x2 ./zn-msp430-slave.o
                0x0000020e                dataIndex
 .bss.data      0x00000210       0x20 ./zn-msp430-slave.o
                0x00000210                data
 .bss.packetLen
                0x00000230        0x2 ./zn-msp430-slave.o
                0x00000230                packetLen
 .bss.senderAdr
                0x00000232        0x2 ./zn-msp430-slave.o
                0x00000232                senderAdr
 .bss.state     0x00000234        0x2 ./zn-msp430-slave.o
                0x00000234                state
 .bss.vlo_freq  0x00000236        0x2 C:/Users/Zack/ccs_workspace_v7/MSP-EXP430G2553LP_core/Debug\libMSP-EXP430G2553LP_core.a(wiring.o)
                0x00000236                vlo_freq
 .bss.stay_asleep
                0x00000238        0x1 C:/Users/Zack/ccs_workspace_v7/MSP-EXP430G2553LP_core/Debug\libMSP-EXP430G2553LP_core.a(wiring.o)
                0x00000238                stay_asleep
 .bss.sleeping  0x00000239        0x1 C:/Users/Zack/ccs_workspace_v7/MSP-EXP430G2553LP_core/Debug\libMSP-EXP430G2553LP_core.a(wiring.o)
                0x00000239                sleeping
 .bss.wdt_fract
                0x0000023a        0x2 C:/Users/Zack/ccs_workspace_v7/MSP-EXP430G2553LP_core/Debug\libMSP-EXP430G2553LP_core.a(wiring.o)
                0x0000023a                wdt_fract
 .bss.wdt_millis
                0x0000023c        0x4 C:/Users/Zack/ccs_workspace_v7/MSP-EXP430G2553LP_core/Debug\libMSP-EXP430G2553LP_core.a(wiring.o)
                0x0000023c                wdt_millis
 .bss.wdt_overflow_count
                0x00000240        0x4 C:/Users/Zack/ccs_workspace_v7/MSP-EXP430G2553LP_core/Debug\libMSP-EXP430G2553LP_core.a(wiring.o)
                0x00000240                wdt_overflow_count
 .bss.Serial    0x00000244       0x1a C:/Users/Zack/ccs_workspace_v7/MSP-EXP430G2553LP_core/Debug\libMSP-EXP430G2553LP_core.a(HardwareSerial.o)
                0x00000244                Serial
 .bss.tx_buffer
                0x0000025e       0x14 C:/Users/Zack/ccs_workspace_v7/MSP-EXP430G2553LP_core/Debug\libMSP-EXP430G2553LP_core.a(HardwareSerial.o)
                0x0000025e                tx_buffer
 .bss.rx_buffer
                0x00000272       0x14 C:/Users/Zack/ccs_workspace_v7/MSP-EXP430G2553LP_core/Debug\libMSP-EXP430G2553LP_core.a(HardwareSerial.o)
                0x00000272                rx_buffer
 .bss.still_asleep
                0x00000286        0x1 C:/Users/Zack/ccs_workspace_v7/MSP-EXP430G2553LP_core/Debug\libMSP-EXP430G2553LP_core.a(usci_isr_handler.o)
 .bss.twi_error
                0x00000287        0x1 C:/Users/Zack/ccs_workspace_v7/MSP-EXP430G2553LP_core/Debug\libMSP-EXP430G2553LP_core.a(twi.o)
 .bss.twi_rxBufferIndex
                0x00000288        0x1 C:/Users/Zack/ccs_workspace_v7/MSP-EXP430G2553LP_core/Debug\libMSP-EXP430G2553LP_core.a(twi.o)
 .bss.twi_txBufferLength
                0x00000289        0x1 C:/Users/Zack/ccs_workspace_v7/MSP-EXP430G2553LP_core/Debug\libMSP-EXP430G2553LP_core.a(twi.o)
 .bss.twi_txBufferIndex
                0x0000028a        0x1 C:/Users/Zack/ccs_workspace_v7/MSP-EXP430G2553LP_core/Debug\libMSP-EXP430G2553LP_core.a(twi.o)
 .bss.twi_masterBufferIndex
                0x0000028b        0x1 C:/Users/Zack/ccs_workspace_v7/MSP-EXP430G2553LP_core/Debug\libMSP-EXP430G2553LP_core.a(twi.o)
 .bss.twi_inRepStart
                0x0000028c        0x1 C:/Users/Zack/ccs_workspace_v7/MSP-EXP430G2553LP_core/Debug\libMSP-EXP430G2553LP_core.a(twi.o)
 .bss.twi_sendStop
                0x0000028d        0x1 C:/Users/Zack/ccs_workspace_v7/MSP-EXP430G2553LP_core/Debug\libMSP-EXP430G2553LP_core.a(twi.o)
 .bss.twi_state
                0x0000028e        0x1 C:/Users/Zack/ccs_workspace_v7/MSP-EXP430G2553LP_core/Debug\libMSP-EXP430G2553LP_core.a(twi.o)
 .bss.twi_masterBufferLength
                0x0000028f        0x1 C:/Users/Zack/ccs_workspace_v7/MSP-EXP430G2553LP_core/Debug\libMSP-EXP430G2553LP_core.a(twi.o)
 .bss.twi_masterBuffer
                0x00000290       0x10 C:/Users/Zack/ccs_workspace_v7/MSP-EXP430G2553LP_core/Debug\libMSP-EXP430G2553LP_core.a(twi.o)
 .bss.twi_txBuffer
                0x000002a0       0x10 C:/Users/Zack/ccs_workspace_v7/MSP-EXP430G2553LP_core/Debug\libMSP-EXP430G2553LP_core.a(twi.o)
 .bss.twi_onSlaveReceive
                0x000002b0        0x2 C:/Users/Zack/ccs_workspace_v7/MSP-EXP430G2553LP_core/Debug\libMSP-EXP430G2553LP_core.a(twi.o)
 .bss.twi_onSlaveTransmit
                0x000002b2        0x2 C:/Users/Zack/ccs_workspace_v7/MSP-EXP430G2553LP_core/Debug\libMSP-EXP430G2553LP_core.a(twi.o)
 .bss.twi_rxBuffer
                0x000002b4       0x10 C:/Users/Zack/ccs_workspace_v7/MSP-EXP430G2553LP_core/Debug\libMSP-EXP430G2553LP_core.a(twi.o)
 *(COMMON)
 COMMON         0x000002c4        0x4 C:/Users/Zack/ccs_workspace_v7/MSP-EXP430G2553LP_core/Debug\libMSP-EXP430G2553LP_core.a(wiring.o)
                0x000002c4                SMILLIS_INC
                0x000002c6                SFRACT_INC
                0x000002c8                . = ALIGN (0x2)
                0x000002c8                PROVIDE (__bss_end, .)
                0x000000c6                PROVIDE (__bss_size, SIZEOF (.bss))

.noinit         0x000002c8        0x2 load address 0x0000cec6
                0x000002c8                PROVIDE (__noinit_start, .)
 *(.noinit .noinit.*)
 .noinit.crt0   0x000002c8        0x2 c:/users/zack/downloads/energia-1.6.10e18-windows/energia-1.6.10e18/hardware/tools/msp430/bin/../lib/gcc/msp430/4.6.3\libcrt0.a(__watchdog_support.o)
                0x000002c8                __wdt_clear_value
                0x000002ca                . = ALIGN (0x2)
                0x000002ca                PROVIDE (__noinit_end, .)
                0x000002ca                . = ALIGN (0x2)
                0x000002ca                _end = .

.infomem        0x00001000        0x0
 *(.infomem)
                0x00001000                . = ALIGN (0x2)
 *(.infomem.*)

.infomemnobits  0x00001000        0x0
 *(.infomemnobits)
                0x00001000                . = ALIGN (0x2)
 *(.infomemnobits.*)

.infoa
 *(.infoa .infoa.*)

.infob
 *(.infob .infob.*)

.infoc
 *(.infoc .infoc.*)

.infod
 *(.infod .infod.*)

.vectors        0x0000ffe0       0x20
                0x0000ffe0                PROVIDE (__vectors_start, .)
 *(.vectors*)
 .vectors       0x0000ffe0       0x20 c:/users/zack/downloads/energia-1.6.10e18-windows/energia-1.6.10e18/hardware/tools/msp430/bin/../lib/gcc/msp430/4.6.3/crt0ivtbl16.o
                0x0000ffe0                __ivtbl_16
                0x00010000                _vectors_end = .

.fartext        0x00000000        0x0
                0x00000000                . = ALIGN (0x2)
 *(.fartext)
                0x00000000                . = ALIGN (0x2)
 *(.fartext.*)
                0x00000000                _efartext = .

.profiler
 *(.profiler)

.stab
 *(.stab)

.stabstr
 *(.stabstr)

.stab.excl
 *(.stab.excl)

.stab.exclstr
 *(.stab.exclstr)

.stab.index
 *(.stab.index)

.stab.indexstr
 *(.stab.indexstr)

.comment
 *(.comment)

.debug
 *(.debug)

.line
 *(.line)

.debug_srcinfo
 *(.debug_srcinfo)

.debug_sfnames
 *(.debug_sfnames)

.debug_aranges  0x00000000      0x72c
 *(.debug_aranges)
 .debug_aranges
                0x00000000       0x28 ./zn-msp430-slave.o
 .debug_aranges
                0x00000028       0x48 C:/Users/Zack/ccs_workspace_v7/MSP-EXP430G2553LP_core/Debug\libMSP-EXP430G2553LP_core.a(wiring.o)
 .debug_aranges
                0x00000070       0x20 C:/Users/Zack/ccs_workspace_v7/MSP-EXP430G2553LP_core/Debug\libMSP-EXP430G2553LP_core.a(wiring_digital.o)
 .debug_aranges
                0x00000090       0x44 C:/Users/Zack/ccs_workspace_v7/MSP-EXP430G2553LP_core/Debug\libMSP-EXP430G2553LP_core.a(HardwareSerial.o)
 .debug_aranges
                0x000000d4       0x14 C:/Users/Zack/ccs_workspace_v7/MSP-EXP430G2553LP_core/Debug\libMSP-EXP430G2553LP_core.a(main.o)
 .debug_aranges
                0x000000e8       0x70 C:/Users/Zack/ccs_workspace_v7/MSP-EXP430G2553LP_core/Debug\libMSP-EXP430G2553LP_core.a(Print.o)
 .debug_aranges
                0x00000158      0x144 C:/Users/Zack/ccs_workspace_v7/MSP-EXP430G2553LP_core/Debug\libMSP-EXP430G2553LP_core.a(WString.o)
 .debug_aranges
                0x0000029c       0x14 C:/Users/Zack/ccs_workspace_v7/MSP-EXP430G2553LP_core/Debug\libMSP-EXP430G2553LP_core.a(atof.o)
 .debug_aranges
                0x000002b0       0x14 C:/Users/Zack/ccs_workspace_v7/MSP-EXP430G2553LP_core/Debug\libMSP-EXP430G2553LP_core.a(dtostrf.o)
 .debug_aranges
                0x000002c4       0x20 C:/Users/Zack/ccs_workspace_v7/MSP-EXP430G2553LP_core/Debug\libMSP-EXP430G2553LP_core.a(itoa.o)
 .debug_aranges
                0x000002e4       0x1c C:/Users/Zack/ccs_workspace_v7/MSP-EXP430G2553LP_core/Debug\libMSP-EXP430G2553LP_core.a(usci_isr_handler.o)
 .debug_aranges
                0x00000300       0x28 C:/Users/Zack/ccs_workspace_v7/MSP-EXP430G2553LP_core/Debug\libMSP-EXP430G2553LP_core.a(new.o)
 .debug_aranges
                0x00000328       0x3c C:/Users/Zack/ccs_workspace_v7/MSP-EXP430G2553LP_core/Debug\libMSP-EXP430G2553LP_core.a(twi.o)
 .debug_aranges
                0x00000364       0x30 C:/Users/Zack/ccs_workspace_v7/MSP-EXP430G2553LP_core/Debug\libMSP-EXP430G2553LP_core.a(twi_sw.o)
 .debug_aranges
                0x00000394       0x14 c:/users/zack/downloads/energia-1.6.10e18-windows/energia-1.6.10e18/hardware/tools/msp430/bin/../lib/gcc/msp430/4.6.3/../../../../msp430/lib\libm.a(ef_pow.o)
 .debug_aranges
                0x000003a8       0x14 c:/users/zack/downloads/energia-1.6.10e18-windows/energia-1.6.10e18/hardware/tools/msp430/bin/../lib/gcc/msp430/4.6.3/../../../../msp430/lib\libm.a(sf_scalbn.o)
 .debug_aranges
                0x000003bc       0x14 c:/users/zack/downloads/energia-1.6.10e18-windows/energia-1.6.10e18/hardware/tools/msp430/bin/../lib/gcc/msp430/4.6.3/../../../../msp430/lib\libm.a(ef_sqrt.o)
 .debug_aranges
                0x000003d0       0x14 c:/users/zack/downloads/energia-1.6.10e18-windows/energia-1.6.10e18/hardware/tools/msp430/bin/../lib/gcc/msp430/4.6.3\libgcc.a(_mulqi3.o)
 .debug_aranges
                0x000003e4       0x14 c:/users/zack/downloads/energia-1.6.10e18-windows/energia-1.6.10e18/hardware/tools/msp430/bin/../lib/gcc/msp430/4.6.3\libgcc.a(_udivmod16.o)
 .debug_aranges
                0x000003f8       0x14 c:/users/zack/downloads/energia-1.6.10e18-windows/energia-1.6.10e18/hardware/tools/msp430/bin/../lib/gcc/msp430/4.6.3\libgcc.a(_udivmod32.o)
 .debug_aranges
                0x0000040c       0x14 c:/users/zack/downloads/energia-1.6.10e18-windows/energia-1.6.10e18/hardware/tools/msp430/bin/../lib/gcc/msp430/4.6.3\libgcc.a(_fixunssfsi.o)
 .debug_aranges
                0x00000420       0x14 c:/users/zack/downloads/energia-1.6.10e18-windows/energia-1.6.10e18/hardware/tools/msp430/bin/../lib/gcc/msp430/4.6.3\libgcc.a(_addsub_sf.o)
 .debug_aranges
                0x00000434       0x14 c:/users/zack/downloads/energia-1.6.10e18-windows/energia-1.6.10e18/hardware/tools/msp430/bin/../lib/gcc/msp430/4.6.3\libgcc.a(_mul_sf.o)
 .debug_aranges
                0x00000448       0x14 c:/users/zack/downloads/energia-1.6.10e18-windows/energia-1.6.10e18/hardware/tools/msp430/bin/../lib/gcc/msp430/4.6.3\libgcc.a(_div_sf.o)
 .debug_aranges
                0x0000045c       0x14 c:/users/zack/downloads/energia-1.6.10e18-windows/energia-1.6.10e18/hardware/tools/msp430/bin/../lib/gcc/msp430/4.6.3\libgcc.a(_gt_sf.o)
 .debug_aranges
                0x00000470       0x14 c:/users/zack/downloads/energia-1.6.10e18-windows/energia-1.6.10e18/hardware/tools/msp430/bin/../lib/gcc/msp430/4.6.3\libgcc.a(_ge_sf.o)
 .debug_aranges
                0x00000484       0x14 c:/users/zack/downloads/energia-1.6.10e18-windows/energia-1.6.10e18/hardware/tools/msp430/bin/../lib/gcc/msp430/4.6.3\libgcc.a(_lt_sf.o)
 .debug_aranges
                0x00000498       0x14 c:/users/zack/downloads/energia-1.6.10e18-windows/energia-1.6.10e18/hardware/tools/msp430/bin/../lib/gcc/msp430/4.6.3\libgcc.a(_le_sf.o)
 .debug_aranges
                0x000004ac       0x14 c:/users/zack/downloads/energia-1.6.10e18-windows/energia-1.6.10e18/hardware/tools/msp430/bin/../lib/gcc/msp430/4.6.3\libgcc.a(_si_to_sf.o)
 .debug_aranges
                0x000004c0       0x14 c:/users/zack/downloads/energia-1.6.10e18-windows/energia-1.6.10e18/hardware/tools/msp430/bin/../lib/gcc/msp430/4.6.3\libgcc.a(_sf_to_si.o)
 .debug_aranges
                0x000004d4       0x14 c:/users/zack/downloads/energia-1.6.10e18-windows/energia-1.6.10e18/hardware/tools/msp430/bin/../lib/gcc/msp430/4.6.3\libgcc.a(_usi_to_sf.o)
 .debug_aranges
                0x000004e8       0x14 c:/users/zack/downloads/energia-1.6.10e18-windows/energia-1.6.10e18/hardware/tools/msp430/bin/../lib/gcc/msp430/4.6.3\libgcc.a(_clzsi2.o)
 .debug_aranges
                0x000004fc       0x14 c:/users/zack/downloads/energia-1.6.10e18-windows/energia-1.6.10e18/hardware/tools/msp430/bin/../lib/gcc/msp430/4.6.3\libgcc.a(_pack_sf.o)
 .debug_aranges
                0x00000510       0x14 c:/users/zack/downloads/energia-1.6.10e18-windows/energia-1.6.10e18/hardware/tools/msp430/bin/../lib/gcc/msp430/4.6.3\libgcc.a(_unpack_sf.o)
 .debug_aranges
                0x00000524       0x14 c:/users/zack/downloads/energia-1.6.10e18-windows/energia-1.6.10e18/hardware/tools/msp430/bin/../lib/gcc/msp430/4.6.3\libgcc.a(_fpcmp_parts_sf.o)
 .debug_aranges
                0x00000538       0x14 c:/users/zack/downloads/energia-1.6.10e18-windows/energia-1.6.10e18/hardware/tools/msp430/bin/../lib/gcc/msp430/4.6.3/../../../../msp430/lib\libc.a(strchr.o)
 .debug_aranges
                0x0000054c       0x14 c:/users/zack/downloads/energia-1.6.10e18-windows/energia-1.6.10e18/hardware/tools/msp430/bin/../lib/gcc/msp430/4.6.3/../../../../msp430/lib\libc.a(strcmp.o)
 .debug_aranges
                0x00000560       0x14 c:/users/zack/downloads/energia-1.6.10e18-windows/energia-1.6.10e18/hardware/tools/msp430/bin/../lib/gcc/msp430/4.6.3/../../../../msp430/lib\libc.a(strncmp.o)
 .debug_aranges
                0x00000574       0x14 c:/users/zack/downloads/energia-1.6.10e18-windows/energia-1.6.10e18/hardware/tools/msp430/bin/../lib/gcc/msp430/4.6.3/../../../../msp430/lib\libc.a(strcpy.o)
 .debug_aranges
                0x00000588       0x14 c:/users/zack/downloads/energia-1.6.10e18-windows/energia-1.6.10e18/hardware/tools/msp430/bin/../lib/gcc/msp430/4.6.3/../../../../msp430/lib\libc.a(strncpy.o)
 .debug_aranges
                0x0000059c       0x14 c:/users/zack/downloads/energia-1.6.10e18-windows/energia-1.6.10e18/hardware/tools/msp430/bin/../lib/gcc/msp430/4.6.3/../../../../msp430/lib\libc.a(memcpy.o)
 .debug_aranges
                0x000005b0       0x14 c:/users/zack/downloads/energia-1.6.10e18-windows/energia-1.6.10e18/hardware/tools/msp430/bin/../lib/gcc/msp430/4.6.3/../../../../msp430/lib\libc.a(memmove.o)
 .debug_aranges
                0x000005c4       0x14 c:/users/zack/downloads/energia-1.6.10e18-windows/energia-1.6.10e18/hardware/tools/msp430/bin/../lib/gcc/msp430/4.6.3/../../../../msp430/lib\libc.a(strrchr.o)
 .debug_aranges
                0x000005d8       0x14 c:/users/zack/downloads/energia-1.6.10e18-windows/energia-1.6.10e18/hardware/tools/msp430/bin/../lib/gcc/msp430/4.6.3/../../../../msp430/lib\libc.a(memset.o)
 .debug_aranges
                0x000005ec       0x14 c:/users/zack/downloads/energia-1.6.10e18-windows/energia-1.6.10e18/hardware/tools/msp430/bin/../lib/gcc/msp430/4.6.3/../../../../msp430/lib\libc.a(strstr.o)
 .debug_aranges
                0x00000600       0x14 c:/users/zack/downloads/energia-1.6.10e18-windows/energia-1.6.10e18/hardware/tools/msp430/bin/../lib/gcc/msp430/4.6.3/../../../../msp430/lib\libc.a(atol.o)
 .debug_aranges
                0x00000614       0x14 c:/users/zack/downloads/energia-1.6.10e18-windows/energia-1.6.10e18/hardware/tools/msp430/bin/../lib/gcc/msp430/4.6.3/../../../../msp430/lib\libc.a(malloc.o)
 .debug_aranges
                0x00000628       0x14 c:/users/zack/downloads/energia-1.6.10e18-windows/energia-1.6.10e18/hardware/tools/msp430/bin/../lib/gcc/msp430/4.6.3/../../../../msp430/lib\libc.a(strtol.o)
 .debug_aranges
                0x0000063c       0x14 c:/users/zack/downloads/energia-1.6.10e18-windows/energia-1.6.10e18/hardware/tools/msp430/bin/../lib/gcc/msp430/4.6.3/../../../../msp430/lib\libc.a(sprintf.o)
 .debug_aranges
                0x00000650       0x14 c:/users/zack/downloads/energia-1.6.10e18-windows/energia-1.6.10e18/hardware/tools/msp430/bin/../lib/gcc/msp430/4.6.3/../../../../msp430/lib\libc.a(vuprintf.o)
 .debug_aranges
                0x00000664       0x14 c:/users/zack/downloads/energia-1.6.10e18-windows/energia-1.6.10e18/hardware/tools/msp430/bin/../lib/gcc/msp430/4.6.3\libgcc.a(_mulsi3.o)
 .debug_aranges
                0x00000678       0x14 c:/users/zack/downloads/energia-1.6.10e18-windows/energia-1.6.10e18/hardware/tools/msp430/bin/../lib/gcc/msp430/4.6.3\libgcc.a(_divmod32.o)
 .debug_aranges
                0x0000068c       0x14 c:/users/zack/downloads/energia-1.6.10e18-windows/energia-1.6.10e18/hardware/tools/msp430/bin/../lib/gcc/msp430/4.6.3\libgcc.a(_udivmod64.o)
 .debug_aranges
                0x000006a0       0x14 c:/users/zack/downloads/energia-1.6.10e18-windows/energia-1.6.10e18/hardware/tools/msp430/bin/../lib/gcc/msp430/4.6.3\libcrt0.a(__watchdog_support.o)
 .debug_aranges
                0x000006b4       0x14 c:/users/zack/downloads/energia-1.6.10e18-windows/energia-1.6.10e18/hardware/tools/msp430/bin/../lib/gcc/msp430/4.6.3\libcrt0.a(__init_stack.o)
 .debug_aranges
                0x000006c8       0x14 c:/users/zack/downloads/energia-1.6.10e18-windows/energia-1.6.10e18/hardware/tools/msp430/bin/../lib/gcc/msp430/4.6.3\libcrt0.a(_copy_data.o)
 .debug_aranges
                0x000006dc       0x14 c:/users/zack/downloads/energia-1.6.10e18-windows/energia-1.6.10e18/hardware/tools/msp430/bin/../lib/gcc/msp430/4.6.3\libcrt0.a(_clear_bss.o)
 .debug_aranges
                0x000006f0       0x14 c:/users/zack/downloads/energia-1.6.10e18-windows/energia-1.6.10e18/hardware/tools/msp430/bin/../lib/gcc/msp430/4.6.3\libcrt0.a(_endless_loop__.o)
 .debug_aranges
                0x00000704       0x14 c:/users/zack/downloads/energia-1.6.10e18-windows/energia-1.6.10e18/hardware/tools/msp430/bin/../lib/gcc/msp430/4.6.3\libcrt0.a(_unexpected_.o)
 .debug_aranges
                0x00000718       0x14 c:/users/zack/downloads/energia-1.6.10e18-windows/energia-1.6.10e18/hardware/tools/msp430/bin/../lib/gcc/msp430/4.6.3\libcrt0.a(_ctors430.o)

.debug_pubnames
 *(.debug_pubnames)

.debug_info     0x00000000     0xe04e
 *(.debug_info)
 .debug_info    0x00000000      0x79d ./zn-msp430-slave.o
 .debug_info    0x0000079d      0x768 C:/Users/Zack/ccs_workspace_v7/MSP-EXP430G2553LP_core/Debug\libMSP-EXP430G2553LP_core.a(wiring.o)
 .debug_info    0x00000f05      0x8b4 C:/Users/Zack/ccs_workspace_v7/MSP-EXP430G2553LP_core/Debug\libMSP-EXP430G2553LP_core.a(wiring_digital.o)
 .debug_info    0x000017b9     0x1b0f C:/Users/Zack/ccs_workspace_v7/MSP-EXP430G2553LP_core/Debug\libMSP-EXP430G2553LP_core.a(HardwareSerial.o)
 .debug_info    0x000032c8      0x277 C:/Users/Zack/ccs_workspace_v7/MSP-EXP430G2553LP_core/Debug\libMSP-EXP430G2553LP_core.a(main.o)
 .debug_info    0x0000353f     0x22c1 C:/Users/Zack/ccs_workspace_v7/MSP-EXP430G2553LP_core/Debug\libMSP-EXP430G2553LP_core.a(Print.o)
 .debug_info    0x00005800     0x2a89 C:/Users/Zack/ccs_workspace_v7/MSP-EXP430G2553LP_core/Debug\libMSP-EXP430G2553LP_core.a(WString.o)
 .debug_info    0x00008289       0xd8 C:/Users/Zack/ccs_workspace_v7/MSP-EXP430G2553LP_core/Debug\libMSP-EXP430G2553LP_core.a(atof.o)
 .debug_info    0x00008361      0x14d C:/Users/Zack/ccs_workspace_v7/MSP-EXP430G2553LP_core/Debug\libMSP-EXP430G2553LP_core.a(dtostrf.o)
 .debug_info    0x000084ae      0x221 C:/Users/Zack/ccs_workspace_v7/MSP-EXP430G2553LP_core/Debug\libMSP-EXP430G2553LP_core.a(itoa.o)
 .debug_info    0x000086cf      0x31a C:/Users/Zack/ccs_workspace_v7/MSP-EXP430G2553LP_core/Debug\libMSP-EXP430G2553LP_core.a(usci_isr_handler.o)
 .debug_info    0x000089e9      0x140 C:/Users/Zack/ccs_workspace_v7/MSP-EXP430G2553LP_core/Debug\libMSP-EXP430G2553LP_core.a(new.o)
 .debug_info    0x00008b29      0x68b C:/Users/Zack/ccs_workspace_v7/MSP-EXP430G2553LP_core/Debug\libMSP-EXP430G2553LP_core.a(twi.o)
 .debug_info    0x000091b4      0x420 C:/Users/Zack/ccs_workspace_v7/MSP-EXP430G2553LP_core/Debug\libMSP-EXP430G2553LP_core.a(twi_sw.o)
 .debug_info    0x000095d4      0x5ea c:/users/zack/downloads/energia-1.6.10e18-windows/energia-1.6.10e18/hardware/tools/msp430/bin/../lib/gcc/msp430/4.6.3/../../../../msp430/lib\libm.a(ef_pow.o)
 .debug_info    0x00009bbe      0x1e4 c:/users/zack/downloads/energia-1.6.10e18-windows/energia-1.6.10e18/hardware/tools/msp430/bin/../lib/gcc/msp430/4.6.3/../../../../msp430/lib\libm.a(sf_scalbn.o)
 .debug_info    0x00009da2      0x208 c:/users/zack/downloads/energia-1.6.10e18-windows/energia-1.6.10e18/hardware/tools/msp430/bin/../lib/gcc/msp430/4.6.3/../../../../msp430/lib\libm.a(ef_sqrt.o)
 .debug_info    0x00009faa       0x8d c:/users/zack/downloads/energia-1.6.10e18-windows/energia-1.6.10e18/hardware/tools/msp430/bin/../lib/gcc/msp430/4.6.3\libgcc.a(_mulqi3.o)
 .debug_info    0x0000a037       0x8d c:/users/zack/downloads/energia-1.6.10e18-windows/energia-1.6.10e18/hardware/tools/msp430/bin/../lib/gcc/msp430/4.6.3\libgcc.a(_udivmod16.o)
 .debug_info    0x0000a0c4       0x8d c:/users/zack/downloads/energia-1.6.10e18-windows/energia-1.6.10e18/hardware/tools/msp430/bin/../lib/gcc/msp430/4.6.3\libgcc.a(_udivmod32.o)
 .debug_info    0x0000a151       0xb5 c:/users/zack/downloads/energia-1.6.10e18-windows/energia-1.6.10e18/hardware/tools/msp430/bin/../lib/gcc/msp430/4.6.3\libgcc.a(_fixunssfsi.o)
 .debug_info    0x0000a206      0x425 c:/users/zack/downloads/energia-1.6.10e18-windows/energia-1.6.10e18/hardware/tools/msp430/bin/../lib/gcc/msp430/4.6.3\libgcc.a(_addsub_sf.o)
 .debug_info    0x0000a62b      0x3c9 c:/users/zack/downloads/energia-1.6.10e18-windows/energia-1.6.10e18/hardware/tools/msp430/bin/../lib/gcc/msp430/4.6.3\libgcc.a(_mul_sf.o)
 .debug_info    0x0000a9f4      0x35c c:/users/zack/downloads/energia-1.6.10e18-windows/energia-1.6.10e18/hardware/tools/msp430/bin/../lib/gcc/msp430/4.6.3\libgcc.a(_div_sf.o)
 .debug_info    0x0000ad50      0x26e c:/users/zack/downloads/energia-1.6.10e18-windows/energia-1.6.10e18/hardware/tools/msp430/bin/../lib/gcc/msp430/4.6.3\libgcc.a(_gt_sf.o)
 .debug_info    0x0000afbe      0x26e c:/users/zack/downloads/energia-1.6.10e18-windows/energia-1.6.10e18/hardware/tools/msp430/bin/../lib/gcc/msp430/4.6.3\libgcc.a(_ge_sf.o)
 .debug_info    0x0000b22c      0x26e c:/users/zack/downloads/energia-1.6.10e18-windows/energia-1.6.10e18/hardware/tools/msp430/bin/../lib/gcc/msp430/4.6.3\libgcc.a(_lt_sf.o)
 .debug_info    0x0000b49a      0x26e c:/users/zack/downloads/energia-1.6.10e18-windows/energia-1.6.10e18/hardware/tools/msp430/bin/../lib/gcc/msp430/4.6.3\libgcc.a(_le_sf.o)
 .debug_info    0x0000b708      0x20b c:/users/zack/downloads/energia-1.6.10e18-windows/energia-1.6.10e18/hardware/tools/msp430/bin/../lib/gcc/msp430/4.6.3\libgcc.a(_si_to_sf.o)
 .debug_info    0x0000b913      0x289 c:/users/zack/downloads/energia-1.6.10e18-windows/energia-1.6.10e18/hardware/tools/msp430/bin/../lib/gcc/msp430/4.6.3\libgcc.a(_sf_to_si.o)
 .debug_info    0x0000bb9c      0x144 c:/users/zack/downloads/energia-1.6.10e18-windows/energia-1.6.10e18/hardware/tools/msp430/bin/../lib/gcc/msp430/4.6.3\libgcc.a(_thenan_sf.o)
 .debug_info    0x0000bce0      0x204 c:/users/zack/downloads/energia-1.6.10e18-windows/energia-1.6.10e18/hardware/tools/msp430/bin/../lib/gcc/msp430/4.6.3\libgcc.a(_usi_to_sf.o)
 .debug_info    0x0000bee4      0x109 c:/users/zack/downloads/energia-1.6.10e18-windows/energia-1.6.10e18/hardware/tools/msp430/bin/../lib/gcc/msp430/4.6.3\libgcc.a(_clzsi2.o)
 .debug_info    0x0000bfed      0x2b1 c:/users/zack/downloads/energia-1.6.10e18-windows/energia-1.6.10e18/hardware/tools/msp430/bin/../lib/gcc/msp430/4.6.3\libgcc.a(_pack_sf.o)
 .debug_info    0x0000c29e      0x23e c:/users/zack/downloads/energia-1.6.10e18-windows/energia-1.6.10e18/hardware/tools/msp430/bin/../lib/gcc/msp430/4.6.3\libgcc.a(_unpack_sf.o)
 .debug_info    0x0000c4dc      0x1d5 c:/users/zack/downloads/energia-1.6.10e18-windows/energia-1.6.10e18/hardware/tools/msp430/bin/../lib/gcc/msp430/4.6.3\libgcc.a(_fpcmp_parts_sf.o)
 .debug_info    0x0000c6b1       0xa0 c:/users/zack/downloads/energia-1.6.10e18-windows/energia-1.6.10e18/hardware/tools/msp430/bin/../lib/gcc/msp430/4.6.3\libgcc.a(_clz.o)
 .debug_info    0x0000c751       0xa7 c:/users/zack/downloads/energia-1.6.10e18-windows/energia-1.6.10e18/hardware/tools/msp430/bin/../lib/gcc/msp430/4.6.3/../../../../msp430/lib\libc.a(strchr.o)
 .debug_info    0x0000c7f8       0xa4 c:/users/zack/downloads/energia-1.6.10e18-windows/energia-1.6.10e18/hardware/tools/msp430/bin/../lib/gcc/msp430/4.6.3/../../../../msp430/lib\libc.a(strcmp.o)
 .debug_info    0x0000c89c       0xbb c:/users/zack/downloads/energia-1.6.10e18-windows/energia-1.6.10e18/hardware/tools/msp430/bin/../lib/gcc/msp430/4.6.3/../../../../msp430/lib\libc.a(strncmp.o)
 .debug_info    0x0000c957       0xb6 c:/users/zack/downloads/energia-1.6.10e18-windows/energia-1.6.10e18/hardware/tools/msp430/bin/../lib/gcc/msp430/4.6.3/../../../../msp430/lib\libc.a(strcpy.o)
 .debug_info    0x0000ca0d       0xe1 c:/users/zack/downloads/energia-1.6.10e18-windows/energia-1.6.10e18/hardware/tools/msp430/bin/../lib/gcc/msp430/4.6.3/../../../../msp430/lib\libc.a(strncpy.o)
 .debug_info    0x0000caee      0x113 c:/users/zack/downloads/energia-1.6.10e18-windows/energia-1.6.10e18/hardware/tools/msp430/bin/../lib/gcc/msp430/4.6.3/../../../../msp430/lib\libc.a(memcpy.o)
 .debug_info    0x0000cc01      0x113 c:/users/zack/downloads/energia-1.6.10e18-windows/energia-1.6.10e18/hardware/tools/msp430/bin/../lib/gcc/msp430/4.6.3/../../../../msp430/lib\libc.a(memmove.o)
 .debug_info    0x0000cd14       0xb7 c:/users/zack/downloads/energia-1.6.10e18-windows/energia-1.6.10e18/hardware/tools/msp430/bin/../lib/gcc/msp430/4.6.3/../../../../msp430/lib\libc.a(strrchr.o)
 .debug_info    0x0000cdcb       0xfe c:/users/zack/downloads/energia-1.6.10e18-windows/energia-1.6.10e18/hardware/tools/msp430/bin/../lib/gcc/msp430/4.6.3/../../../../msp430/lib\libc.a(memset.o)
 .debug_info    0x0000cec9       0xe0 c:/users/zack/downloads/energia-1.6.10e18-windows/energia-1.6.10e18/hardware/tools/msp430/bin/../lib/gcc/msp430/4.6.3/../../../../msp430/lib\libc.a(strstr.o)
 .debug_info    0x0000cfa9       0x95 c:/users/zack/downloads/energia-1.6.10e18-windows/energia-1.6.10e18/hardware/tools/msp430/bin/../lib/gcc/msp430/4.6.3/../../../../msp430/lib\libc.a(atol.o)
 .debug_info    0x0000d03e      0x151 c:/users/zack/downloads/energia-1.6.10e18-windows/energia-1.6.10e18/hardware/tools/msp430/bin/../lib/gcc/msp430/4.6.3/../../../../msp430/lib\libc.a(malloc.o)
 .debug_info    0x0000d18f      0x1d7 c:/users/zack/downloads/energia-1.6.10e18-windows/energia-1.6.10e18/hardware/tools/msp430/bin/../lib/gcc/msp430/4.6.3/../../../../msp430/lib\libc.a(strtol.o)
 .debug_info    0x0000d366      0x277 c:/users/zack/downloads/energia-1.6.10e18-windows/energia-1.6.10e18/hardware/tools/msp430/bin/../lib/gcc/msp430/4.6.3/../../../../msp430/lib\libc.a(sprintf.o)
 .debug_info    0x0000d5dd      0x565 c:/users/zack/downloads/energia-1.6.10e18-windows/energia-1.6.10e18/hardware/tools/msp430/bin/../lib/gcc/msp430/4.6.3/../../../../msp430/lib\libc.a(vuprintf.o)
 .debug_info    0x0000db42       0x39 c:/users/zack/downloads/energia-1.6.10e18-windows/energia-1.6.10e18/hardware/tools/msp430/bin/../lib/gcc/msp430/4.6.3/../../../../msp430/lib\libc.a(errno.o)
 .debug_info    0x0000db7b       0x8d c:/users/zack/downloads/energia-1.6.10e18-windows/energia-1.6.10e18/hardware/tools/msp430/bin/../lib/gcc/msp430/4.6.3\libgcc.a(_mulsi3.o)
 .debug_info    0x0000dc08       0x8d c:/users/zack/downloads/energia-1.6.10e18-windows/energia-1.6.10e18/hardware/tools/msp430/bin/../lib/gcc/msp430/4.6.3\libgcc.a(_divmod32.o)
 .debug_info    0x0000dc95       0x8d c:/users/zack/downloads/energia-1.6.10e18-windows/energia-1.6.10e18/hardware/tools/msp430/bin/../lib/gcc/msp430/4.6.3\libgcc.a(_udivmod64.o)
 .debug_info    0x0000dd22       0x74 c:/users/zack/downloads/energia-1.6.10e18-windows/energia-1.6.10e18/hardware/tools/msp430/bin/../lib/gcc/msp430/4.6.3\libcrt0.a(__watchdog_support.o)
 .debug_info    0x0000dd96       0x74 c:/users/zack/downloads/energia-1.6.10e18-windows/energia-1.6.10e18/hardware/tools/msp430/bin/../lib/gcc/msp430/4.6.3\libcrt0.a(__init_stack.o)
 .debug_info    0x0000de0a       0x74 c:/users/zack/downloads/energia-1.6.10e18-windows/energia-1.6.10e18/hardware/tools/msp430/bin/../lib/gcc/msp430/4.6.3\libcrt0.a(_copy_data.o)
 .debug_info    0x0000de7e       0x74 c:/users/zack/downloads/energia-1.6.10e18-windows/energia-1.6.10e18/hardware/tools/msp430/bin/../lib/gcc/msp430/4.6.3\libcrt0.a(_clear_bss.o)
 .debug_info    0x0000def2       0x74 c:/users/zack/downloads/energia-1.6.10e18-windows/energia-1.6.10e18/hardware/tools/msp430/bin/../lib/gcc/msp430/4.6.3\libcrt0.a(_endless_loop__.o)
 .debug_info    0x0000df66       0x74 c:/users/zack/downloads/energia-1.6.10e18-windows/energia-1.6.10e18/hardware/tools/msp430/bin/../lib/gcc/msp430/4.6.3\libcrt0.a(_unexpected_.o)
 .debug_info    0x0000dfda       0x74 c:/users/zack/downloads/energia-1.6.10e18-windows/energia-1.6.10e18/hardware/tools/msp430/bin/../lib/gcc/msp430/4.6.3\libcrt0.a(_ctors430.o)
 *(.gnu.linkonce.wi.*)

.debug_abbrev   0x00000000     0x3e76
 *(.debug_abbrev)
 .debug_abbrev  0x00000000      0x2bd ./zn-msp430-slave.o
 .debug_abbrev  0x000002bd      0x28e C:/Users/Zack/ccs_workspace_v7/MSP-EXP430G2553LP_core/Debug\libMSP-EXP430G2553LP_core.a(wiring.o)
 .debug_abbrev  0x0000054b      0x17b C:/Users/Zack/ccs_workspace_v7/MSP-EXP430G2553LP_core/Debug\libMSP-EXP430G2553LP_core.a(wiring_digital.o)
 .debug_abbrev  0x000006c6      0x4a4 C:/Users/Zack/ccs_workspace_v7/MSP-EXP430G2553LP_core/Debug\libMSP-EXP430G2553LP_core.a(HardwareSerial.o)
 .debug_abbrev  0x00000b6a       0x91 C:/Users/Zack/ccs_workspace_v7/MSP-EXP430G2553LP_core/Debug\libMSP-EXP430G2553LP_core.a(main.o)
 .debug_abbrev  0x00000bfb      0x3a4 C:/Users/Zack/ccs_workspace_v7/MSP-EXP430G2553LP_core/Debug\libMSP-EXP430G2553LP_core.a(Print.o)
 .debug_abbrev  0x00000f9f      0x3c7 C:/Users/Zack/ccs_workspace_v7/MSP-EXP430G2553LP_core/Debug\libMSP-EXP430G2553LP_core.a(WString.o)
 .debug_abbrev  0x00001366       0x81 C:/Users/Zack/ccs_workspace_v7/MSP-EXP430G2553LP_core/Debug\libMSP-EXP430G2553LP_core.a(atof.o)
 .debug_abbrev  0x000013e7       0xeb C:/Users/Zack/ccs_workspace_v7/MSP-EXP430G2553LP_core/Debug\libMSP-EXP430G2553LP_core.a(dtostrf.o)
 .debug_abbrev  0x000014d2       0xaf C:/Users/Zack/ccs_workspace_v7/MSP-EXP430G2553LP_core/Debug\libMSP-EXP430G2553LP_core.a(itoa.o)
 .debug_abbrev  0x00001581      0x104 C:/Users/Zack/ccs_workspace_v7/MSP-EXP430G2553LP_core/Debug\libMSP-EXP430G2553LP_core.a(usci_isr_handler.o)
 .debug_abbrev  0x00001685       0xee C:/Users/Zack/ccs_workspace_v7/MSP-EXP430G2553LP_core/Debug\libMSP-EXP430G2553LP_core.a(new.o)
 .debug_abbrev  0x00001773      0x1e1 C:/Users/Zack/ccs_workspace_v7/MSP-EXP430G2553LP_core/Debug\libMSP-EXP430G2553LP_core.a(twi.o)
 .debug_abbrev  0x00001954       0xf8 C:/Users/Zack/ccs_workspace_v7/MSP-EXP430G2553LP_core/Debug\libMSP-EXP430G2553LP_core.a(twi_sw.o)
 .debug_abbrev  0x00001a4c      0x140 c:/users/zack/downloads/energia-1.6.10e18-windows/energia-1.6.10e18/hardware/tools/msp430/bin/../lib/gcc/msp430/4.6.3/../../../../msp430/lib\libm.a(ef_pow.o)
 .debug_abbrev  0x00001b8c       0xf4 c:/users/zack/downloads/energia-1.6.10e18-windows/energia-1.6.10e18/hardware/tools/msp430/bin/../lib/gcc/msp430/4.6.3/../../../../msp430/lib\libm.a(sf_scalbn.o)
 .debug_abbrev  0x00001c80      0x14a c:/users/zack/downloads/energia-1.6.10e18-windows/energia-1.6.10e18/hardware/tools/msp430/bin/../lib/gcc/msp430/4.6.3/../../../../msp430/lib\libm.a(ef_sqrt.o)
 .debug_abbrev  0x00001dca       0x14 c:/users/zack/downloads/energia-1.6.10e18-windows/energia-1.6.10e18/hardware/tools/msp430/bin/../lib/gcc/msp430/4.6.3\libgcc.a(_mulqi3.o)
 .debug_abbrev  0x00001dde       0x14 c:/users/zack/downloads/energia-1.6.10e18-windows/energia-1.6.10e18/hardware/tools/msp430/bin/../lib/gcc/msp430/4.6.3\libgcc.a(_udivmod16.o)
 .debug_abbrev  0x00001df2       0x14 c:/users/zack/downloads/energia-1.6.10e18-windows/energia-1.6.10e18/hardware/tools/msp430/bin/../lib/gcc/msp430/4.6.3\libgcc.a(_udivmod32.o)
 .debug_abbrev  0x00001e06       0x5d c:/users/zack/downloads/energia-1.6.10e18-windows/energia-1.6.10e18/hardware/tools/msp430/bin/../lib/gcc/msp430/4.6.3\libgcc.a(_fixunssfsi.o)
 .debug_abbrev  0x00001e63      0x1ab c:/users/zack/downloads/energia-1.6.10e18-windows/energia-1.6.10e18/hardware/tools/msp430/bin/../lib/gcc/msp430/4.6.3\libgcc.a(_addsub_sf.o)
 .debug_abbrev  0x0000200e      0x1d9 c:/users/zack/downloads/energia-1.6.10e18-windows/energia-1.6.10e18/hardware/tools/msp430/bin/../lib/gcc/msp430/4.6.3\libgcc.a(_mul_sf.o)
 .debug_abbrev  0x000021e7      0x1c4 c:/users/zack/downloads/energia-1.6.10e18-windows/energia-1.6.10e18/hardware/tools/msp430/bin/../lib/gcc/msp430/4.6.3\libgcc.a(_div_sf.o)
 .debug_abbrev  0x000023ab      0x151 c:/users/zack/downloads/energia-1.6.10e18-windows/energia-1.6.10e18/hardware/tools/msp430/bin/../lib/gcc/msp430/4.6.3\libgcc.a(_gt_sf.o)
 .debug_abbrev  0x000024fc      0x151 c:/users/zack/downloads/energia-1.6.10e18-windows/energia-1.6.10e18/hardware/tools/msp430/bin/../lib/gcc/msp430/4.6.3\libgcc.a(_ge_sf.o)
 .debug_abbrev  0x0000264d      0x151 c:/users/zack/downloads/energia-1.6.10e18-windows/energia-1.6.10e18/hardware/tools/msp430/bin/../lib/gcc/msp430/4.6.3\libgcc.a(_lt_sf.o)
 .debug_abbrev  0x0000279e      0x151 c:/users/zack/downloads/energia-1.6.10e18-windows/energia-1.6.10e18/hardware/tools/msp430/bin/../lib/gcc/msp430/4.6.3\libgcc.a(_le_sf.o)
 .debug_abbrev  0x000028ef      0x164 c:/users/zack/downloads/energia-1.6.10e18-windows/energia-1.6.10e18/hardware/tools/msp430/bin/../lib/gcc/msp430/4.6.3\libgcc.a(_si_to_sf.o)
 .debug_abbrev  0x00002a53      0x160 c:/users/zack/downloads/energia-1.6.10e18-windows/energia-1.6.10e18/hardware/tools/msp430/bin/../lib/gcc/msp430/4.6.3\libgcc.a(_sf_to_si.o)
 .debug_abbrev  0x00002bb3       0xba c:/users/zack/downloads/energia-1.6.10e18-windows/energia-1.6.10e18/hardware/tools/msp430/bin/../lib/gcc/msp430/4.6.3\libgcc.a(_thenan_sf.o)
 .debug_abbrev  0x00002c6d      0x173 c:/users/zack/downloads/energia-1.6.10e18-windows/energia-1.6.10e18/hardware/tools/msp430/bin/../lib/gcc/msp430/4.6.3\libgcc.a(_usi_to_sf.o)
 .debug_abbrev  0x00002de0       0xac c:/users/zack/downloads/energia-1.6.10e18-windows/energia-1.6.10e18/hardware/tools/msp430/bin/../lib/gcc/msp430/4.6.3\libgcc.a(_clzsi2.o)
 .debug_abbrev  0x00002e8c      0x192 c:/users/zack/downloads/energia-1.6.10e18-windows/energia-1.6.10e18/hardware/tools/msp430/bin/../lib/gcc/msp430/4.6.3\libgcc.a(_pack_sf.o)
 .debug_abbrev  0x0000301e      0x15a c:/users/zack/downloads/energia-1.6.10e18-windows/energia-1.6.10e18/hardware/tools/msp430/bin/../lib/gcc/msp430/4.6.3\libgcc.a(_unpack_sf.o)
 .debug_abbrev  0x00003178      0x10b c:/users/zack/downloads/energia-1.6.10e18-windows/energia-1.6.10e18/hardware/tools/msp430/bin/../lib/gcc/msp430/4.6.3\libgcc.a(_fpcmp_parts_sf.o)
 .debug_abbrev  0x00003283       0x61 c:/users/zack/downloads/energia-1.6.10e18-windows/energia-1.6.10e18/hardware/tools/msp430/bin/../lib/gcc/msp430/4.6.3\libgcc.a(_clz.o)
 .debug_abbrev  0x000032e4       0x6f c:/users/zack/downloads/energia-1.6.10e18-windows/energia-1.6.10e18/hardware/tools/msp430/bin/../lib/gcc/msp430/4.6.3/../../../../msp430/lib\libc.a(strchr.o)
 .debug_abbrev  0x00003353       0x60 c:/users/zack/downloads/energia-1.6.10e18-windows/energia-1.6.10e18/hardware/tools/msp430/bin/../lib/gcc/msp430/4.6.3/../../../../msp430/lib\libc.a(strcmp.o)
 .debug_abbrev  0x000033b3       0x7c c:/users/zack/downloads/energia-1.6.10e18-windows/energia-1.6.10e18/hardware/tools/msp430/bin/../lib/gcc/msp430/4.6.3/../../../../msp430/lib\libc.a(strncmp.o)
 .debug_abbrev  0x0000342f       0x7e c:/users/zack/downloads/energia-1.6.10e18-windows/energia-1.6.10e18/hardware/tools/msp430/bin/../lib/gcc/msp430/4.6.3/../../../../msp430/lib\libc.a(strcpy.o)
 .debug_abbrev  0x000034ad       0x94 c:/users/zack/downloads/energia-1.6.10e18-windows/energia-1.6.10e18/hardware/tools/msp430/bin/../lib/gcc/msp430/4.6.3/../../../../msp430/lib\libc.a(strncpy.o)
 .debug_abbrev  0x00003541       0x97 c:/users/zack/downloads/energia-1.6.10e18-windows/energia-1.6.10e18/hardware/tools/msp430/bin/../lib/gcc/msp430/4.6.3/../../../../msp430/lib\libc.a(memcpy.o)
 .debug_abbrev  0x000035d8       0x97 c:/users/zack/downloads/energia-1.6.10e18-windows/energia-1.6.10e18/hardware/tools/msp430/bin/../lib/gcc/msp430/4.6.3/../../../../msp430/lib\libc.a(memmove.o)
 .debug_abbrev  0x0000366f       0x7e c:/users/zack/downloads/energia-1.6.10e18-windows/energia-1.6.10e18/hardware/tools/msp430/bin/../lib/gcc/msp430/4.6.3/../../../../msp430/lib\libc.a(strrchr.o)
 .debug_abbrev  0x000036ed       0x9c c:/users/zack/downloads/energia-1.6.10e18-windows/energia-1.6.10e18/hardware/tools/msp430/bin/../lib/gcc/msp430/4.6.3/../../../../msp430/lib\libc.a(memset.o)
 .debug_abbrev  0x00003789       0x8b c:/users/zack/downloads/energia-1.6.10e18-windows/energia-1.6.10e18/hardware/tools/msp430/bin/../lib/gcc/msp430/4.6.3/../../../../msp430/lib\libc.a(strstr.o)
 .debug_abbrev  0x00003814       0x60 c:/users/zack/downloads/energia-1.6.10e18-windows/energia-1.6.10e18/hardware/tools/msp430/bin/../lib/gcc/msp430/4.6.3/../../../../msp430/lib\libc.a(atol.o)
 .debug_abbrev  0x00003874      0x104 c:/users/zack/downloads/energia-1.6.10e18-windows/energia-1.6.10e18/hardware/tools/msp430/bin/../lib/gcc/msp430/4.6.3/../../../../msp430/lib\libc.a(malloc.o)
 .debug_abbrev  0x00003978      0x112 c:/users/zack/downloads/energia-1.6.10e18-windows/energia-1.6.10e18/hardware/tools/msp430/bin/../lib/gcc/msp430/4.6.3/../../../../msp430/lib\libc.a(strtol.o)
 .debug_abbrev  0x00003a8a      0x105 c:/users/zack/downloads/energia-1.6.10e18-windows/energia-1.6.10e18/hardware/tools/msp430/bin/../lib/gcc/msp430/4.6.3/../../../../msp430/lib\libc.a(sprintf.o)
 .debug_abbrev  0x00003b8f      0x1ef c:/users/zack/downloads/energia-1.6.10e18-windows/energia-1.6.10e18/hardware/tools/msp430/bin/../lib/gcc/msp430/4.6.3/../../../../msp430/lib\libc.a(vuprintf.o)
 .debug_abbrev  0x00003d7e       0x30 c:/users/zack/downloads/energia-1.6.10e18-windows/energia-1.6.10e18/hardware/tools/msp430/bin/../lib/gcc/msp430/4.6.3/../../../../msp430/lib\libc.a(errno.o)
 .debug_abbrev  0x00003dae       0x14 c:/users/zack/downloads/energia-1.6.10e18-windows/energia-1.6.10e18/hardware/tools/msp430/bin/../lib/gcc/msp430/4.6.3\libgcc.a(_mulsi3.o)
 .debug_abbrev  0x00003dc2       0x14 c:/users/zack/downloads/energia-1.6.10e18-windows/energia-1.6.10e18/hardware/tools/msp430/bin/../lib/gcc/msp430/4.6.3\libgcc.a(_divmod32.o)
 .debug_abbrev  0x00003dd6       0x14 c:/users/zack/downloads/energia-1.6.10e18-windows/energia-1.6.10e18/hardware/tools/msp430/bin/../lib/gcc/msp430/4.6.3\libgcc.a(_udivmod64.o)
 .debug_abbrev  0x00003dea       0x14 c:/users/zack/downloads/energia-1.6.10e18-windows/energia-1.6.10e18/hardware/tools/msp430/bin/../lib/gcc/msp430/4.6.3\libcrt0.a(__watchdog_support.o)
 .debug_abbrev  0x00003dfe       0x14 c:/users/zack/downloads/energia-1.6.10e18-windows/energia-1.6.10e18/hardware/tools/msp430/bin/../lib/gcc/msp430/4.6.3\libcrt0.a(__init_stack.o)
 .debug_abbrev  0x00003e12       0x14 c:/users/zack/downloads/energia-1.6.10e18-windows/energia-1.6.10e18/hardware/tools/msp430/bin/../lib/gcc/msp430/4.6.3\libcrt0.a(_copy_data.o)
 .debug_abbrev  0x00003e26       0x14 c:/users/zack/downloads/energia-1.6.10e18-windows/energia-1.6.10e18/hardware/tools/msp430/bin/../lib/gcc/msp430/4.6.3\libcrt0.a(_clear_bss.o)
 .debug_abbrev  0x00003e3a       0x14 c:/users/zack/downloads/energia-1.6.10e18-windows/energia-1.6.10e18/hardware/tools/msp430/bin/../lib/gcc/msp430/4.6.3\libcrt0.a(_endless_loop__.o)
 .debug_abbrev  0x00003e4e       0x14 c:/users/zack/downloads/energia-1.6.10e18-windows/energia-1.6.10e18/hardware/tools/msp430/bin/../lib/gcc/msp430/4.6.3\libcrt0.a(_unexpected_.o)
 .debug_abbrev  0x00003e62       0x14 c:/users/zack/downloads/energia-1.6.10e18-windows/energia-1.6.10e18/hardware/tools/msp430/bin/../lib/gcc/msp430/4.6.3\libcrt0.a(_ctors430.o)

.debug_line     0x00000000     0x4917
 *(.debug_line)
 .debug_line    0x00000000      0x3e2 ./zn-msp430-slave.o
 .debug_line    0x000003e2      0x3a0 C:/Users/Zack/ccs_workspace_v7/MSP-EXP430G2553LP_core/Debug\libMSP-EXP430G2553LP_core.a(wiring.o)
 .debug_line    0x00000782      0x280 C:/Users/Zack/ccs_workspace_v7/MSP-EXP430G2553LP_core/Debug\libMSP-EXP430G2553LP_core.a(wiring_digital.o)
 .debug_line    0x00000a02      0x3c4 C:/Users/Zack/ccs_workspace_v7/MSP-EXP430G2553LP_core/Debug\libMSP-EXP430G2553LP_core.a(HardwareSerial.o)
 .debug_line    0x00000dc6      0x1cd C:/Users/Zack/ccs_workspace_v7/MSP-EXP430G2553LP_core/Debug\libMSP-EXP430G2553LP_core.a(main.o)
 .debug_line    0x00000f93      0x4cd C:/Users/Zack/ccs_workspace_v7/MSP-EXP430G2553LP_core/Debug\libMSP-EXP430G2553LP_core.a(Print.o)
 .debug_line    0x00001460      0x850 C:/Users/Zack/ccs_workspace_v7/MSP-EXP430G2553LP_core/Debug\libMSP-EXP430G2553LP_core.a(WString.o)
 .debug_line    0x00001cb0      0x10c C:/Users/Zack/ccs_workspace_v7/MSP-EXP430G2553LP_core/Debug\libMSP-EXP430G2553LP_core.a(atof.o)
 .debug_line    0x00001dbc      0x15f C:/Users/Zack/ccs_workspace_v7/MSP-EXP430G2553LP_core/Debug\libMSP-EXP430G2553LP_core.a(dtostrf.o)
 .debug_line    0x00001f1b      0x126 C:/Users/Zack/ccs_workspace_v7/MSP-EXP430G2553LP_core/Debug\libMSP-EXP430G2553LP_core.a(itoa.o)
 .debug_line    0x00002041      0x229 C:/Users/Zack/ccs_workspace_v7/MSP-EXP430G2553LP_core/Debug\libMSP-EXP430G2553LP_core.a(usci_isr_handler.o)
 .debug_line    0x0000226a      0x176 C:/Users/Zack/ccs_workspace_v7/MSP-EXP430G2553LP_core/Debug\libMSP-EXP430G2553LP_core.a(new.o)
 .debug_line    0x000023e0      0x375 C:/Users/Zack/ccs_workspace_v7/MSP-EXP430G2553LP_core/Debug\libMSP-EXP430G2553LP_core.a(twi.o)
 .debug_line    0x00002755      0x292 C:/Users/Zack/ccs_workspace_v7/MSP-EXP430G2553LP_core/Debug\libMSP-EXP430G2553LP_core.a(twi_sw.o)
 .debug_line    0x000029e7      0x1c6 c:/users/zack/downloads/energia-1.6.10e18-windows/energia-1.6.10e18/hardware/tools/msp430/bin/../lib/gcc/msp430/4.6.3/../../../../msp430/lib\libm.a(ef_pow.o)
 .debug_line    0x00002bad       0x97 c:/users/zack/downloads/energia-1.6.10e18-windows/energia-1.6.10e18/hardware/tools/msp430/bin/../lib/gcc/msp430/4.6.3/../../../../msp430/lib\libm.a(sf_scalbn.o)
 .debug_line    0x00002c44       0xb7 c:/users/zack/downloads/energia-1.6.10e18-windows/energia-1.6.10e18/hardware/tools/msp430/bin/../lib/gcc/msp430/4.6.3/../../../../msp430/lib\libm.a(ef_sqrt.o)
 .debug_line    0x00002cfb       0x73 c:/users/zack/downloads/energia-1.6.10e18-windows/energia-1.6.10e18/hardware/tools/msp430/bin/../lib/gcc/msp430/4.6.3\libgcc.a(_mulqi3.o)
 .debug_line    0x00002d6e       0x77 c:/users/zack/downloads/energia-1.6.10e18-windows/energia-1.6.10e18/hardware/tools/msp430/bin/../lib/gcc/msp430/4.6.3\libgcc.a(_udivmod16.o)
 .debug_line    0x00002de5       0x86 c:/users/zack/downloads/energia-1.6.10e18-windows/energia-1.6.10e18/hardware/tools/msp430/bin/../lib/gcc/msp430/4.6.3\libgcc.a(_udivmod32.o)
 .debug_line    0x00002e6b       0x6f c:/users/zack/downloads/energia-1.6.10e18-windows/energia-1.6.10e18/hardware/tools/msp430/bin/../lib/gcc/msp430/4.6.3\libgcc.a(_fixunssfsi.o)
 .debug_line    0x00002eda      0x117 c:/users/zack/downloads/energia-1.6.10e18-windows/energia-1.6.10e18/hardware/tools/msp430/bin/../lib/gcc/msp430/4.6.3\libgcc.a(_addsub_sf.o)
 .debug_line    0x00002ff1      0x10f c:/users/zack/downloads/energia-1.6.10e18-windows/energia-1.6.10e18/hardware/tools/msp430/bin/../lib/gcc/msp430/4.6.3\libgcc.a(_mul_sf.o)
 .debug_line    0x00003100       0xd1 c:/users/zack/downloads/energia-1.6.10e18-windows/energia-1.6.10e18/hardware/tools/msp430/bin/../lib/gcc/msp430/4.6.3\libgcc.a(_div_sf.o)
 .debug_line    0x000031d1       0x89 c:/users/zack/downloads/energia-1.6.10e18-windows/energia-1.6.10e18/hardware/tools/msp430/bin/../lib/gcc/msp430/4.6.3\libgcc.a(_gt_sf.o)
 .debug_line    0x0000325a       0x89 c:/users/zack/downloads/energia-1.6.10e18-windows/energia-1.6.10e18/hardware/tools/msp430/bin/../lib/gcc/msp430/4.6.3\libgcc.a(_ge_sf.o)
 .debug_line    0x000032e3       0x89 c:/users/zack/downloads/energia-1.6.10e18-windows/energia-1.6.10e18/hardware/tools/msp430/bin/../lib/gcc/msp430/4.6.3\libgcc.a(_lt_sf.o)
 .debug_line    0x0000336c       0x89 c:/users/zack/downloads/energia-1.6.10e18-windows/energia-1.6.10e18/hardware/tools/msp430/bin/../lib/gcc/msp430/4.6.3\libgcc.a(_le_sf.o)
 .debug_line    0x000033f5       0xa1 c:/users/zack/downloads/energia-1.6.10e18-windows/energia-1.6.10e18/hardware/tools/msp430/bin/../lib/gcc/msp430/4.6.3\libgcc.a(_si_to_sf.o)
 .debug_line    0x00003496       0x97 c:/users/zack/downloads/energia-1.6.10e18-windows/energia-1.6.10e18/hardware/tools/msp430/bin/../lib/gcc/msp430/4.6.3\libgcc.a(_sf_to_si.o)
 .debug_line    0x0000352d       0x6c c:/users/zack/downloads/energia-1.6.10e18-windows/energia-1.6.10e18/hardware/tools/msp430/bin/../lib/gcc/msp430/4.6.3\libgcc.a(_thenan_sf.o)
 .debug_line    0x00003599       0x9e c:/users/zack/downloads/energia-1.6.10e18-windows/energia-1.6.10e18/hardware/tools/msp430/bin/../lib/gcc/msp430/4.6.3\libgcc.a(_usi_to_sf.o)
 .debug_line    0x00003637       0x99 c:/users/zack/downloads/energia-1.6.10e18-windows/energia-1.6.10e18/hardware/tools/msp430/bin/../lib/gcc/msp430/4.6.3\libgcc.a(_clzsi2.o)
 .debug_line    0x000036d0       0xda c:/users/zack/downloads/energia-1.6.10e18-windows/energia-1.6.10e18/hardware/tools/msp430/bin/../lib/gcc/msp430/4.6.3\libgcc.a(_pack_sf.o)
 .debug_line    0x000037aa       0xb5 c:/users/zack/downloads/energia-1.6.10e18-windows/energia-1.6.10e18/hardware/tools/msp430/bin/../lib/gcc/msp430/4.6.3\libgcc.a(_unpack_sf.o)
 .debug_line    0x0000385f       0xc0 c:/users/zack/downloads/energia-1.6.10e18-windows/energia-1.6.10e18/hardware/tools/msp430/bin/../lib/gcc/msp430/4.6.3\libgcc.a(_fpcmp_parts_sf.o)
 .debug_line    0x0000391f       0x5b c:/users/zack/downloads/energia-1.6.10e18-windows/energia-1.6.10e18/hardware/tools/msp430/bin/../lib/gcc/msp430/4.6.3\libgcc.a(_clz.o)
 .debug_line    0x0000397a       0x44 c:/users/zack/downloads/energia-1.6.10e18-windows/energia-1.6.10e18/hardware/tools/msp430/bin/../lib/gcc/msp430/4.6.3/../../../../msp430/lib\libc.a(strchr.o)
 .debug_line    0x000039be       0x49 c:/users/zack/downloads/energia-1.6.10e18-windows/energia-1.6.10e18/hardware/tools/msp430/bin/../lib/gcc/msp430/4.6.3/../../../../msp430/lib\libc.a(strcmp.o)
 .debug_line    0x00003a07       0x82 c:/users/zack/downloads/energia-1.6.10e18-windows/energia-1.6.10e18/hardware/tools/msp430/bin/../lib/gcc/msp430/4.6.3/../../../../msp430/lib\libc.a(strncmp.o)
 .debug_line    0x00003a89       0x4d c:/users/zack/downloads/energia-1.6.10e18-windows/energia-1.6.10e18/hardware/tools/msp430/bin/../lib/gcc/msp430/4.6.3/../../../../msp430/lib\libc.a(strcpy.o)
 .debug_line    0x00003ad6       0x85 c:/users/zack/downloads/energia-1.6.10e18-windows/energia-1.6.10e18/hardware/tools/msp430/bin/../lib/gcc/msp430/4.6.3/../../../../msp430/lib\libc.a(strncpy.o)
 .debug_line    0x00003b5b       0xf6 c:/users/zack/downloads/energia-1.6.10e18-windows/energia-1.6.10e18/hardware/tools/msp430/bin/../lib/gcc/msp430/4.6.3/../../../../msp430/lib\libc.a(memcpy.o)
 .debug_line    0x00003c51       0xf6 c:/users/zack/downloads/energia-1.6.10e18-windows/energia-1.6.10e18/hardware/tools/msp430/bin/../lib/gcc/msp430/4.6.3/../../../../msp430/lib\libc.a(memmove.o)
 .debug_line    0x00003d47       0x47 c:/users/zack/downloads/energia-1.6.10e18-windows/energia-1.6.10e18/hardware/tools/msp430/bin/../lib/gcc/msp430/4.6.3/../../../../msp430/lib\libc.a(strrchr.o)
 .debug_line    0x00003d8e       0xd5 c:/users/zack/downloads/energia-1.6.10e18-windows/energia-1.6.10e18/hardware/tools/msp430/bin/../lib/gcc/msp430/4.6.3/../../../../msp430/lib\libc.a(memset.o)
 .debug_line    0x00003e63       0x86 c:/users/zack/downloads/energia-1.6.10e18-windows/energia-1.6.10e18/hardware/tools/msp430/bin/../lib/gcc/msp430/4.6.3/../../../../msp430/lib\libc.a(strstr.o)
 .debug_line    0x00003ee9       0x3d c:/users/zack/downloads/energia-1.6.10e18-windows/energia-1.6.10e18/hardware/tools/msp430/bin/../lib/gcc/msp430/4.6.3/../../../../msp430/lib\libc.a(atol.o)
 .debug_line    0x00003f26       0xce c:/users/zack/downloads/energia-1.6.10e18-windows/energia-1.6.10e18/hardware/tools/msp430/bin/../lib/gcc/msp430/4.6.3/../../../../msp430/lib\libc.a(malloc.o)
 .debug_line    0x00003ff4      0x10b c:/users/zack/downloads/energia-1.6.10e18-windows/energia-1.6.10e18/hardware/tools/msp430/bin/../lib/gcc/msp430/4.6.3/../../../../msp430/lib\libc.a(strtol.o)
 .debug_line    0x000040ff       0xa9 c:/users/zack/downloads/energia-1.6.10e18-windows/energia-1.6.10e18/hardware/tools/msp430/bin/../lib/gcc/msp430/4.6.3/../../../../msp430/lib\libc.a(sprintf.o)
 .debug_line    0x000041a8      0x2df c:/users/zack/downloads/energia-1.6.10e18-windows/energia-1.6.10e18/hardware/tools/msp430/bin/../lib/gcc/msp430/4.6.3/../../../../msp430/lib\libc.a(vuprintf.o)
 .debug_line    0x00004487       0x31 c:/users/zack/downloads/energia-1.6.10e18-windows/energia-1.6.10e18/hardware/tools/msp430/bin/../lib/gcc/msp430/4.6.3/../../../../msp430/lib\libc.a(errno.o)
 .debug_line    0x000044b8       0x7e c:/users/zack/downloads/energia-1.6.10e18-windows/energia-1.6.10e18/hardware/tools/msp430/bin/../lib/gcc/msp430/4.6.3\libgcc.a(_mulsi3.o)
 .debug_line    0x00004536       0x8b c:/users/zack/downloads/energia-1.6.10e18-windows/energia-1.6.10e18/hardware/tools/msp430/bin/../lib/gcc/msp430/4.6.3\libgcc.a(_divmod32.o)
 .debug_line    0x000045c1       0xcc c:/users/zack/downloads/energia-1.6.10e18-windows/energia-1.6.10e18/hardware/tools/msp430/bin/../lib/gcc/msp430/4.6.3\libgcc.a(_udivmod64.o)
 .debug_line    0x0000468d       0x5c c:/users/zack/downloads/energia-1.6.10e18-windows/energia-1.6.10e18/hardware/tools/msp430/bin/../lib/gcc/msp430/4.6.3\libcrt0.a(__watchdog_support.o)
 .debug_line    0x000046e9       0x5a c:/users/zack/downloads/energia-1.6.10e18-windows/energia-1.6.10e18/hardware/tools/msp430/bin/../lib/gcc/msp430/4.6.3\libcrt0.a(__init_stack.o)
 .debug_line    0x00004743       0x60 c:/users/zack/downloads/energia-1.6.10e18-windows/energia-1.6.10e18/hardware/tools/msp430/bin/../lib/gcc/msp430/4.6.3\libcrt0.a(_copy_data.o)
 .debug_line    0x000047a3       0x60 c:/users/zack/downloads/energia-1.6.10e18-windows/energia-1.6.10e18/hardware/tools/msp430/bin/../lib/gcc/msp430/4.6.3\libcrt0.a(_clear_bss.o)
 .debug_line    0x00004803       0x5b c:/users/zack/downloads/energia-1.6.10e18-windows/energia-1.6.10e18/hardware/tools/msp430/bin/../lib/gcc/msp430/4.6.3\libcrt0.a(_endless_loop__.o)
 .debug_line    0x0000485e       0x5a c:/users/zack/downloads/energia-1.6.10e18-windows/energia-1.6.10e18/hardware/tools/msp430/bin/../lib/gcc/msp430/4.6.3\libcrt0.a(_unexpected_.o)
 .debug_line    0x000048b8       0x5f c:/users/zack/downloads/energia-1.6.10e18-windows/energia-1.6.10e18/hardware/tools/msp430/bin/../lib/gcc/msp430/4.6.3\libcrt0.a(_ctors430.o)

.debug_frame    0x00000000     0x1ada
 *(.debug_frame)
 .debug_frame   0x00000000       0x90 ./zn-msp430-slave.o
 .debug_frame   0x00000090      0x14c C:/Users/Zack/ccs_workspace_v7/MSP-EXP430G2553LP_core/Debug\libMSP-EXP430G2553LP_core.a(wiring.o)
 .debug_frame   0x000001dc       0x94 C:/Users/Zack/ccs_workspace_v7/MSP-EXP430G2553LP_core/Debug\libMSP-EXP430G2553LP_core.a(wiring_digital.o)
 .debug_frame   0x00000270       0xe6 C:/Users/Zack/ccs_workspace_v7/MSP-EXP430G2553LP_core/Debug\libMSP-EXP430G2553LP_core.a(HardwareSerial.o)
 .debug_frame   0x00000356       0x1e C:/Users/Zack/ccs_workspace_v7/MSP-EXP430G2553LP_core/Debug\libMSP-EXP430G2553LP_core.a(main.o)
 .debug_frame   0x00000374      0x398 C:/Users/Zack/ccs_workspace_v7/MSP-EXP430G2553LP_core/Debug\libMSP-EXP430G2553LP_core.a(Print.o)
 .debug_frame   0x0000070c      0x7da C:/Users/Zack/ccs_workspace_v7/MSP-EXP430G2553LP_core/Debug\libMSP-EXP430G2553LP_core.a(WString.o)
 .debug_frame   0x00000ee6       0x6e C:/Users/Zack/ccs_workspace_v7/MSP-EXP430G2553LP_core/Debug\libMSP-EXP430G2553LP_core.a(atof.o)
 .debug_frame   0x00000f54       0x82 C:/Users/Zack/ccs_workspace_v7/MSP-EXP430G2553LP_core/Debug\libMSP-EXP430G2553LP_core.a(dtostrf.o)
 .debug_frame   0x00000fd6       0xec C:/Users/Zack/ccs_workspace_v7/MSP-EXP430G2553LP_core/Debug\libMSP-EXP430G2553LP_core.a(itoa.o)
 .debug_frame   0x000010c2       0x7e C:/Users/Zack/ccs_workspace_v7/MSP-EXP430G2553LP_core/Debug\libMSP-EXP430G2553LP_core.a(usci_isr_handler.o)
 .debug_frame   0x00001140       0x5a C:/Users/Zack/ccs_workspace_v7/MSP-EXP430G2553LP_core/Debug\libMSP-EXP430G2553LP_core.a(new.o)
 .debug_frame   0x0000119a       0xf2 C:/Users/Zack/ccs_workspace_v7/MSP-EXP430G2553LP_core/Debug\libMSP-EXP430G2553LP_core.a(twi.o)
 .debug_frame   0x0000128c      0x10c C:/Users/Zack/ccs_workspace_v7/MSP-EXP430G2553LP_core/Debug\libMSP-EXP430G2553LP_core.a(twi_sw.o)
 .debug_frame   0x00001398       0x56 c:/users/zack/downloads/energia-1.6.10e18-windows/energia-1.6.10e18/hardware/tools/msp430/bin/../lib/gcc/msp430/4.6.3/../../../../msp430/lib\libm.a(ef_pow.o)
 .debug_frame   0x000013ee       0x44 c:/users/zack/downloads/energia-1.6.10e18-windows/energia-1.6.10e18/hardware/tools/msp430/bin/../lib/gcc/msp430/4.6.3/../../../../msp430/lib\libm.a(sf_scalbn.o)
 .debug_frame   0x00001432       0x62 c:/users/zack/downloads/energia-1.6.10e18-windows/energia-1.6.10e18/hardware/tools/msp430/bin/../lib/gcc/msp430/4.6.3/../../../../msp430/lib\libm.a(ef_sqrt.o)
 .debug_frame   0x00001494       0x28 c:/users/zack/downloads/energia-1.6.10e18-windows/energia-1.6.10e18/hardware/tools/msp430/bin/../lib/gcc/msp430/4.6.3\libgcc.a(_fixunssfsi.o)
 .debug_frame   0x000014bc       0x6a c:/users/zack/downloads/energia-1.6.10e18-windows/energia-1.6.10e18/hardware/tools/msp430/bin/../lib/gcc/msp430/4.6.3\libgcc.a(_addsub_sf.o)
 .debug_frame   0x00001526       0x4a c:/users/zack/downloads/energia-1.6.10e18-windows/energia-1.6.10e18/hardware/tools/msp430/bin/../lib/gcc/msp430/4.6.3\libgcc.a(_mul_sf.o)
 .debug_frame   0x00001570       0x3a c:/users/zack/downloads/energia-1.6.10e18-windows/energia-1.6.10e18/hardware/tools/msp430/bin/../lib/gcc/msp430/4.6.3\libgcc.a(_div_sf.o)
 .debug_frame   0x000015aa       0x22 c:/users/zack/downloads/energia-1.6.10e18-windows/energia-1.6.10e18/hardware/tools/msp430/bin/../lib/gcc/msp430/4.6.3\libgcc.a(_gt_sf.o)
 .debug_frame   0x000015cc       0x22 c:/users/zack/downloads/energia-1.6.10e18-windows/energia-1.6.10e18/hardware/tools/msp430/bin/../lib/gcc/msp430/4.6.3\libgcc.a(_ge_sf.o)
 .debug_frame   0x000015ee       0x22 c:/users/zack/downloads/energia-1.6.10e18-windows/energia-1.6.10e18/hardware/tools/msp430/bin/../lib/gcc/msp430/4.6.3\libgcc.a(_lt_sf.o)
 .debug_frame   0x00001610       0x22 c:/users/zack/downloads/energia-1.6.10e18-windows/energia-1.6.10e18/hardware/tools/msp430/bin/../lib/gcc/msp430/4.6.3\libgcc.a(_le_sf.o)
 .debug_frame   0x00001632       0x2c c:/users/zack/downloads/energia-1.6.10e18-windows/energia-1.6.10e18/hardware/tools/msp430/bin/../lib/gcc/msp430/4.6.3\libgcc.a(_si_to_sf.o)
 .debug_frame   0x0000165e       0x22 c:/users/zack/downloads/energia-1.6.10e18-windows/energia-1.6.10e18/hardware/tools/msp430/bin/../lib/gcc/msp430/4.6.3\libgcc.a(_sf_to_si.o)
 .debug_frame   0x00001680       0x36 c:/users/zack/downloads/energia-1.6.10e18-windows/energia-1.6.10e18/hardware/tools/msp430/bin/../lib/gcc/msp430/4.6.3\libgcc.a(_usi_to_sf.o)
 .debug_frame   0x000016b6       0x2e c:/users/zack/downloads/energia-1.6.10e18-windows/energia-1.6.10e18/hardware/tools/msp430/bin/../lib/gcc/msp430/4.6.3\libgcc.a(_clzsi2.o)
 .debug_frame   0x000016e4       0x38 c:/users/zack/downloads/energia-1.6.10e18-windows/energia-1.6.10e18/hardware/tools/msp430/bin/../lib/gcc/msp430/4.6.3\libgcc.a(_pack_sf.o)
 .debug_frame   0x0000171c       0x28 c:/users/zack/downloads/energia-1.6.10e18-windows/energia-1.6.10e18/hardware/tools/msp430/bin/../lib/gcc/msp430/4.6.3\libgcc.a(_unpack_sf.o)
 .debug_frame   0x00001744       0x24 c:/users/zack/downloads/energia-1.6.10e18-windows/energia-1.6.10e18/hardware/tools/msp430/bin/../lib/gcc/msp430/4.6.3\libgcc.a(_fpcmp_parts_sf.o)
 .debug_frame   0x00001768       0x1e c:/users/zack/downloads/energia-1.6.10e18-windows/energia-1.6.10e18/hardware/tools/msp430/bin/../lib/gcc/msp430/4.6.3/../../../../msp430/lib\libc.a(strchr.o)
 .debug_frame   0x00001786       0x1e c:/users/zack/downloads/energia-1.6.10e18-windows/energia-1.6.10e18/hardware/tools/msp430/bin/../lib/gcc/msp430/4.6.3/../../../../msp430/lib\libc.a(strcmp.o)
 .debug_frame   0x000017a4       0x24 c:/users/zack/downloads/energia-1.6.10e18-windows/energia-1.6.10e18/hardware/tools/msp430/bin/../lib/gcc/msp430/4.6.3/../../../../msp430/lib\libc.a(strncmp.o)
 .debug_frame   0x000017c8       0x1e c:/users/zack/downloads/energia-1.6.10e18-windows/energia-1.6.10e18/hardware/tools/msp430/bin/../lib/gcc/msp430/4.6.3/../../../../msp430/lib\libc.a(strcpy.o)
 .debug_frame   0x000017e6       0x24 c:/users/zack/downloads/energia-1.6.10e18-windows/energia-1.6.10e18/hardware/tools/msp430/bin/../lib/gcc/msp430/4.6.3/../../../../msp430/lib\libc.a(strncpy.o)
 .debug_frame   0x0000180a       0x38 c:/users/zack/downloads/energia-1.6.10e18-windows/energia-1.6.10e18/hardware/tools/msp430/bin/../lib/gcc/msp430/4.6.3/../../../../msp430/lib\libc.a(memcpy.o)
 .debug_frame   0x00001842       0x38 c:/users/zack/downloads/energia-1.6.10e18-windows/energia-1.6.10e18/hardware/tools/msp430/bin/../lib/gcc/msp430/4.6.3/../../../../msp430/lib\libc.a(memmove.o)
 .debug_frame   0x0000187a       0x24 c:/users/zack/downloads/energia-1.6.10e18-windows/energia-1.6.10e18/hardware/tools/msp430/bin/../lib/gcc/msp430/4.6.3/../../../../msp430/lib\libc.a(strrchr.o)
 .debug_frame   0x0000189e       0x32 c:/users/zack/downloads/energia-1.6.10e18-windows/energia-1.6.10e18/hardware/tools/msp430/bin/../lib/gcc/msp430/4.6.3/../../../../msp430/lib\libc.a(memset.o)
 .debug_frame   0x000018d0       0x38 c:/users/zack/downloads/energia-1.6.10e18-windows/energia-1.6.10e18/hardware/tools/msp430/bin/../lib/gcc/msp430/4.6.3/../../../../msp430/lib\libc.a(strstr.o)
 .debug_frame   0x00001908       0x1e c:/users/zack/downloads/energia-1.6.10e18-windows/energia-1.6.10e18/hardware/tools/msp430/bin/../lib/gcc/msp430/4.6.3/../../../../msp430/lib\libc.a(atol.o)
 .debug_frame   0x00001926       0x52 c:/users/zack/downloads/energia-1.6.10e18-windows/energia-1.6.10e18/hardware/tools/msp430/bin/../lib/gcc/msp430/4.6.3/../../../../msp430/lib\libc.a(malloc.o)
 .debug_frame   0x00001978       0x4a c:/users/zack/downloads/energia-1.6.10e18-windows/energia-1.6.10e18/hardware/tools/msp430/bin/../lib/gcc/msp430/4.6.3/../../../../msp430/lib\libc.a(strtol.o)
 .debug_frame   0x000019c2       0x68 c:/users/zack/downloads/energia-1.6.10e18-windows/energia-1.6.10e18/hardware/tools/msp430/bin/../lib/gcc/msp430/4.6.3/../../../../msp430/lib\libc.a(sprintf.o)
 .debug_frame   0x00001a2a       0xb0 c:/users/zack/downloads/energia-1.6.10e18-windows/energia-1.6.10e18/hardware/tools/msp430/bin/../lib/gcc/msp430/4.6.3/../../../../msp430/lib\libc.a(vuprintf.o)

.debug_str      0x00000000     0x2e69
 *(.debug_str)
 .debug_str     0x00000000      0x362 ./zn-msp430-slave.o
                                0x3bf (size before relaxing)
 .debug_str     0x00000362      0x228 C:/Users/Zack/ccs_workspace_v7/MSP-EXP430G2553LP_core/Debug\libMSP-EXP430G2553LP_core.a(wiring.o)
                                0x3f5 (size before relaxing)
 .debug_str     0x0000058a      0x49b C:/Users/Zack/ccs_workspace_v7/MSP-EXP430G2553LP_core/Debug\libMSP-EXP430G2553LP_core.a(wiring_digital.o)
                                0x6b6 (size before relaxing)
 .debug_str     0x00000a25      0xe3d C:/Users/Zack/ccs_workspace_v7/MSP-EXP430G2553LP_core/Debug\libMSP-EXP430G2553LP_core.a(HardwareSerial.o)
                               0x10d2 (size before relaxing)
 .debug_str     0x00001862       0x77 C:/Users/Zack/ccs_workspace_v7/MSP-EXP430G2553LP_core/Debug\libMSP-EXP430G2553LP_core.a(main.o)
                                0x250 (size before relaxing)
 .debug_str     0x000018d9      0x3f4 C:/Users/Zack/ccs_workspace_v7/MSP-EXP430G2553LP_core/Debug\libMSP-EXP430G2553LP_core.a(Print.o)
                                0xebf (size before relaxing)
 .debug_str     0x00001ccd      0x272 C:/Users/Zack/ccs_workspace_v7/MSP-EXP430G2553LP_core/Debug\libMSP-EXP430G2553LP_core.a(WString.o)
                                0xc57 (size before relaxing)
 .debug_str     0x00001f3f       0x8c C:/Users/Zack/ccs_workspace_v7/MSP-EXP430G2553LP_core/Debug\libMSP-EXP430G2553LP_core.a(atof.o)
                                 0xef (size before relaxing)
 .debug_str     0x00001fcb       0x98 C:/Users/Zack/ccs_workspace_v7/MSP-EXP430G2553LP_core/Debug\libMSP-EXP430G2553LP_core.a(dtostrf.o)
                                0x1c4 (size before relaxing)
 .debug_str     0x00002063       0x86 C:/Users/Zack/ccs_workspace_v7/MSP-EXP430G2553LP_core/Debug\libMSP-EXP430G2553LP_core.a(itoa.o)
                                0x15b (size before relaxing)
 .debug_str     0x000020e9       0xdf C:/Users/Zack/ccs_workspace_v7/MSP-EXP430G2553LP_core/Debug\libMSP-EXP430G2553LP_core.a(usci_isr_handler.o)
                                0x2a3 (size before relaxing)
 .debug_str     0x000021c8       0xd3 C:/Users/Zack/ccs_workspace_v7/MSP-EXP430G2553LP_core/Debug\libMSP-EXP430G2553LP_core.a(new.o)
                                0x1bc (size before relaxing)
 .debug_str     0x0000229b      0x284 C:/Users/Zack/ccs_workspace_v7/MSP-EXP430G2553LP_core/Debug\libMSP-EXP430G2553LP_core.a(twi.o)
                                0x4c3 (size before relaxing)
 .debug_str     0x0000251f      0x10c C:/Users/Zack/ccs_workspace_v7/MSP-EXP430G2553LP_core/Debug\libMSP-EXP430G2553LP_core.a(twi_sw.o)
                                0x2bb (size before relaxing)
 .debug_str     0x0000262b       0xcc c:/users/zack/downloads/energia-1.6.10e18-windows/energia-1.6.10e18/hardware/tools/msp430/bin/../lib/gcc/msp430/4.6.3/../../../../msp430/lib\libm.a(ef_pow.o)
                                0x197 (size before relaxing)
 .debug_str     0x000026f7       0x2f c:/users/zack/downloads/energia-1.6.10e18-windows/energia-1.6.10e18/hardware/tools/msp430/bin/../lib/gcc/msp430/4.6.3/../../../../msp430/lib\libm.a(sf_scalbn.o)
                                0x15a (size before relaxing)
 .debug_str     0x00002726       0x26 c:/users/zack/downloads/energia-1.6.10e18-windows/energia-1.6.10e18/hardware/tools/msp430/bin/../lib/gcc/msp430/4.6.3/../../../../msp430/lib\libm.a(ef_sqrt.o)
                                0x152 (size before relaxing)
 .debug_str     0x0000274c       0x86 c:/users/zack/downloads/energia-1.6.10e18-windows/energia-1.6.10e18/hardware/tools/msp430/bin/../lib/gcc/msp430/4.6.3\libgcc.a(_fixunssfsi.o)
                                0x13e (size before relaxing)
 .debug_str     0x000027d2      0x138 c:/users/zack/downloads/energia-1.6.10e18-windows/energia-1.6.10e18/hardware/tools/msp430/bin/../lib/gcc/msp430/4.6.3\libgcc.a(_addsub_sf.o)
                                0x238 (size before relaxing)
 .debug_str     0x0000290a       0x27 c:/users/zack/downloads/energia-1.6.10e18-windows/energia-1.6.10e18/hardware/tools/msp430/bin/../lib/gcc/msp430/4.6.3\libgcc.a(_mul_sf.o)
                                0x1f1 (size before relaxing)
 .debug_str     0x00002931       0x35 c:/users/zack/downloads/energia-1.6.10e18-windows/energia-1.6.10e18/hardware/tools/msp430/bin/../lib/gcc/msp430/4.6.3\libgcc.a(_div_sf.o)
                                0x1fa (size before relaxing)
 .debug_str     0x00002966        0x8 c:/users/zack/downloads/energia-1.6.10e18-windows/energia-1.6.10e18/hardware/tools/msp430/bin/../lib/gcc/msp430/4.6.3\libgcc.a(_gt_sf.o)
                                0x1bf (size before relaxing)
 .debug_str     0x0000296e        0x8 c:/users/zack/downloads/energia-1.6.10e18-windows/energia-1.6.10e18/hardware/tools/msp430/bin/../lib/gcc/msp430/4.6.3\libgcc.a(_ge_sf.o)
                                0x1bf (size before relaxing)
 .debug_str     0x00002976        0x8 c:/users/zack/downloads/energia-1.6.10e18-windows/energia-1.6.10e18/hardware/tools/msp430/bin/../lib/gcc/msp430/4.6.3\libgcc.a(_lt_sf.o)
                                0x1bf (size before relaxing)
 .debug_str     0x0000297e        0x8 c:/users/zack/downloads/energia-1.6.10e18-windows/energia-1.6.10e18/hardware/tools/msp430/bin/../lib/gcc/msp430/4.6.3\libgcc.a(_le_sf.o)
                                0x1bf (size before relaxing)
 .debug_str     0x00002986       0x27 c:/users/zack/downloads/energia-1.6.10e18-windows/energia-1.6.10e18/hardware/tools/msp430/bin/../lib/gcc/msp430/4.6.3\libgcc.a(_si_to_sf.o)
                                0x1ae (size before relaxing)
 .debug_str     0x000029ad        0xa c:/users/zack/downloads/energia-1.6.10e18-windows/energia-1.6.10e18/hardware/tools/msp430/bin/../lib/gcc/msp430/4.6.3\libgcc.a(_sf_to_si.o)
                                0x1c8 (size before relaxing)
 .debug_str     0x00000000      0x16a c:/users/zack/downloads/energia-1.6.10e18-windows/energia-1.6.10e18/hardware/tools/msp430/bin/../lib/gcc/msp430/4.6.3\libgcc.a(_thenan_sf.o)
 .debug_str     0x000029b7        0xe c:/users/zack/downloads/energia-1.6.10e18-windows/energia-1.6.10e18/hardware/tools/msp430/bin/../lib/gcc/msp430/4.6.3\libgcc.a(_usi_to_sf.o)
                                0x1aa (size before relaxing)
 .debug_str     0x000029c5       0x17 c:/users/zack/downloads/energia-1.6.10e18-windows/energia-1.6.10e18/hardware/tools/msp430/bin/../lib/gcc/msp430/4.6.3\libgcc.a(_clzsi2.o)
                                0x14a (size before relaxing)
 .debug_str     0x000029dc       0x10 c:/users/zack/downloads/energia-1.6.10e18-windows/energia-1.6.10e18/hardware/tools/msp430/bin/../lib/gcc/msp430/4.6.3\libgcc.a(_pack_sf.o)
                                0x1c7 (size before relaxing)
 .debug_str     0x000029ec        0xb c:/users/zack/downloads/energia-1.6.10e18-windows/energia-1.6.10e18/hardware/tools/msp430/bin/../lib/gcc/msp430/4.6.3\libgcc.a(_unpack_sf.o)
                                0x1a9 (size before relaxing)
 .debug_str     0x000029f7       0x10 c:/users/zack/downloads/energia-1.6.10e18-windows/energia-1.6.10e18/hardware/tools/msp430/bin/../lib/gcc/msp430/4.6.3\libgcc.a(_fpcmp_parts_sf.o)
                                0x18d (size before relaxing)
 .debug_str     0x00000000      0x12d c:/users/zack/downloads/energia-1.6.10e18-windows/energia-1.6.10e18/hardware/tools/msp430/bin/../lib/gcc/msp430/4.6.3\libgcc.a(_clz.o)
 .debug_str     0x00002a07       0x19 c:/users/zack/downloads/energia-1.6.10e18-windows/energia-1.6.10e18/hardware/tools/msp430/bin/../lib/gcc/msp430/4.6.3/../../../../msp430/lib\libc.a(strchr.o)
                                 0xfd (size before relaxing)
 .debug_str     0x00002a20       0x19 c:/users/zack/downloads/energia-1.6.10e18-windows/energia-1.6.10e18/hardware/tools/msp430/bin/../lib/gcc/msp430/4.6.3/../../../../msp430/lib\libc.a(strcmp.o)
                                 0xfd (size before relaxing)
 .debug_str     0x00002a39       0x1b c:/users/zack/downloads/energia-1.6.10e18-windows/energia-1.6.10e18/hardware/tools/msp430/bin/../lib/gcc/msp430/4.6.3/../../../../msp430/lib\libc.a(strncmp.o)
                                0x106 (size before relaxing)
 .debug_str     0x00002a54       0x23 c:/users/zack/downloads/energia-1.6.10e18-windows/energia-1.6.10e18/hardware/tools/msp430/bin/../lib/gcc/msp430/4.6.3/../../../../msp430/lib\libc.a(strcpy.o)
                                0x107 (size before relaxing)
 .debug_str     0x00002a77       0x1b c:/users/zack/downloads/energia-1.6.10e18-windows/energia-1.6.10e18/hardware/tools/msp430/bin/../lib/gcc/msp430/4.6.3/../../../../msp430/lib\libc.a(strncpy.o)
                                0x106 (size before relaxing)
 .debug_str     0x00002a92       0x28 c:/users/zack/downloads/energia-1.6.10e18-windows/energia-1.6.10e18/hardware/tools/msp430/bin/../lib/gcc/msp430/4.6.3/../../../../msp430/lib\libc.a(memcpy.o)
                                0x11f (size before relaxing)
 .debug_str     0x00002aba       0x1b c:/users/zack/downloads/energia-1.6.10e18-windows/energia-1.6.10e18/hardware/tools/msp430/bin/../lib/gcc/msp430/4.6.3/../../../../msp430/lib\libc.a(memmove.o)
                                0x121 (size before relaxing)
 .debug_str     0x00002ad5       0x1b c:/users/zack/downloads/energia-1.6.10e18-windows/energia-1.6.10e18/hardware/tools/msp430/bin/../lib/gcc/msp430/4.6.3/../../../../msp430/lib\libc.a(strrchr.o)
                                0x104 (size before relaxing)
 .debug_str     0x00002af0       0x26 c:/users/zack/downloads/energia-1.6.10e18-windows/energia-1.6.10e18/hardware/tools/msp430/bin/../lib/gcc/msp430/4.6.3/../../../../msp430/lib\libc.a(memset.o)
                                0x11d (size before relaxing)
 .debug_str     0x00002b16       0x19 c:/users/zack/downloads/energia-1.6.10e18-windows/energia-1.6.10e18/hardware/tools/msp430/bin/../lib/gcc/msp430/4.6.3/../../../../msp430/lib\libc.a(strstr.o)
                                0x109 (size before relaxing)
 .debug_str     0x00002b2f       0x15 c:/users/zack/downloads/energia-1.6.10e18-windows/energia-1.6.10e18/hardware/tools/msp430/bin/../lib/gcc/msp430/4.6.3/../../../../msp430/lib\libc.a(atol.o)
                                 0xf9 (size before relaxing)